Component: ARM Compiler 5.06 update 6 (build 750) Tool: armlink [4d35ed]

==============================================================================

Section Cross References

    startup_stm32f103xb.o(RESET) refers to startup_stm32f103xb.o(STACK) for __initial_sp
    startup_stm32f103xb.o(RESET) refers to startup_stm32f103xb.o(.text) for Reset_Handler
    startup_stm32f103xb.o(RESET) refers to stm32f1xx_it.o(i.NMI_Handler) for NMI_Handler
    startup_stm32f103xb.o(RESET) refers to stm32f1xx_it.o(i.HardFault_Handler) for HardFault_Handler
    startup_stm32f103xb.o(RESET) refers to stm32f1xx_it.o(i.MemManage_Handler) for MemManage_Handler
    startup_stm32f103xb.o(RESET) refers to stm32f1xx_it.o(i.BusFault_Handler) for BusFault_Handler
    startup_stm32f103xb.o(RESET) refers to stm32f1xx_it.o(i.UsageFault_Handler) for UsageFault_Handler
    startup_stm32f103xb.o(RESET) refers to port.o(.emb_text) for SVC_Handler
    startup_stm32f103xb.o(RESET) refers to stm32f1xx_it.o(i.DebugMon_Handler) for DebugMon_Handler
    startup_stm32f103xb.o(RESET) refers to stm32f1xx_it.o(i.SysTick_Handler) for SysTick_Handler
    startup_stm32f103xb.o(RESET) refers to stm32f1xx_it.o(i.TIM1_CC_IRQHandler) for TIM1_CC_IRQHandler
    startup_stm32f103xb.o(RESET) refers to stm32f1xx_it.o(i.TIM2_IRQHandler) for TIM2_IRQHandler
    startup_stm32f103xb.o(RESET) refers to stm32f1xx_it.o(i.TIM4_IRQHandler) for TIM4_IRQHandler
    startup_stm32f103xb.o(RESET) refers to stm32f1xx_it.o(i.USART1_IRQHandler) for USART1_IRQHandler
    startup_stm32f103xb.o(.text) refers to system_stm32f1xx.o(i.SystemInit) for SystemInit
    startup_stm32f103xb.o(.text) refers to entry.o(.ARM.Collect$$$$00000000) for __main
    rf.o(i.RF_LEARN) refers to stm32f1xx_hal_gpio.o(i.HAL_GPIO_WritePin) for HAL_GPIO_WritePin
    rf.o(i.RF_LEARN) refers to stm32f1xx_hal_tim.o(i.HAL_TIM_IC_Start_IT) for HAL_TIM_IC_Start_IT
    rf.o(i.RF_LEARN) refers to cmsis_os.o(i.osDelay) for osDelay
    rf.o(i.RF_LEARN) refers to printf3.o(i.__0sprintf$3) for __2sprintf
    rf.o(i.RF_LEARN) refers to strlen.o(.text) for strlen
    rf.o(i.RF_LEARN) refers to stm32f1xx_hal_uart.o(i.HAL_UART_Transmit) for HAL_UART_Transmit
    rf.o(i.RF_LEARN) refers to stm32f1xx_hal_tim.o(i.HAL_TIM_IC_Stop_IT) for HAL_TIM_IC_Stop_IT
    rf.o(i.RF_LEARN) refers to main.o(.bss) for RF_pck
    rf.o(i.RF_TRANSMIT) refers to stm32f1xx_hal_tim.o(i.HAL_TIM_OC_Start_IT) for HAL_TIM_OC_Start_IT
    rf.o(i.RF_TRANSMIT) refers to stm32f1xx_hal.o(i.HAL_Delay) for HAL_Delay
    rf.o(i.RF_TRANSMIT) refers to main.o(.bss) for htim2
    main.o(i.Callback01) refers to cmsis_os.o(i.osTimerStop) for osTimerStop
    main.o(i.Callback01) refers to stm32f1xx_hal_tim.o(i.HAL_TIM_IC_Stop_IT) for HAL_TIM_IC_Stop_IT
    main.o(i.Callback01) refers to printf3.o(i.__0sprintf$3) for __2sprintf
    main.o(i.Callback01) refers to strlen.o(.text) for strlen
    main.o(i.Callback01) refers to stm32f1xx_hal_uart.o(i.HAL_UART_Transmit) for HAL_UART_Transmit
    main.o(i.Callback01) refers to main.o(.data) for .data
    main.o(i.Callback01) refers to main.o(.bss) for .bss
    main.o(i.HAL_TIM_IC_CaptureCallback) refers to cmsis_os.o(i.osTimerStart) for osTimerStart
    main.o(i.HAL_TIM_IC_CaptureCallback) refers to stm32f1xx_hal_tim.o(i.HAL_TIM_ReadCapturedValue) for HAL_TIM_ReadCapturedValue
    main.o(i.HAL_TIM_IC_CaptureCallback) refers to printf3.o(i.__0sprintf$3) for __2sprintf
    main.o(i.HAL_TIM_IC_CaptureCallback) refers to strlen.o(.text) for strlen
    main.o(i.HAL_TIM_IC_CaptureCallback) refers to stm32f1xx_hal_uart.o(i.HAL_UART_Transmit) for HAL_UART_Transmit
    main.o(i.HAL_TIM_IC_CaptureCallback) refers to main.o(.data) for .data
    main.o(i.HAL_TIM_IC_CaptureCallback) refers to main.o(.bss) for .bss
    main.o(i.HAL_TIM_OC_DelayElapsedCallback) refers to stm32f1xx_hal_tim.o(i.HAL_TIM_OC_Stop_IT) for HAL_TIM_OC_Stop_IT
    main.o(i.HAL_TIM_OC_DelayElapsedCallback) refers to stm32f1xx_hal_tim.o(i.HAL_TIM_OC_Start_IT) for HAL_TIM_OC_Start_IT
    main.o(i.HAL_TIM_OC_DelayElapsedCallback) refers to main.o(.data) for .data
    main.o(i.HAL_TIM_OC_DelayElapsedCallback) refers to main.o(.bss) for .bss
    main.o(i.HAL_TIM_PeriodElapsedCallback) refers to stm32f1xx_hal.o(i.HAL_IncTick) for HAL_IncTick
    main.o(i.HAL_UART_RxCpltCallback) refers to cmsis_os.o(i.osSignalSet) for osSignalSet
    main.o(i.HAL_UART_RxCpltCallback) refers to stm32f1xx_hal_uart.o(i.HAL_UART_Receive_IT) for HAL_UART_Receive_IT
    main.o(i.HAL_UART_RxCpltCallback) refers to main.o(.data) for .data
    main.o(i.HAL_UART_RxCpltCallback) refers to main.o(.bss) for .bss
    main.o(i.MX_GPIO_Init) refers to stm32f1xx_hal_gpio.o(i.HAL_GPIO_WritePin) for HAL_GPIO_WritePin
    main.o(i.MX_GPIO_Init) refers to stm32f1xx_hal_gpio.o(i.HAL_GPIO_Init) for HAL_GPIO_Init
    main.o(i.MX_TIM1_Init) refers to stm32f1xx_hal_tim.o(i.HAL_TIM_Base_Init) for HAL_TIM_Base_Init
[...]
    ../clib/microlib/stdio/fputc.c           0x00000000   Number         0  fputc.o ABSOLUTE
    ../clib/microlib/stdio/semi.s            0x00000000   Number         0  semi.o ABSOLUTE
    ../clib/microlib/stdio/streams.c         0x00000000   Number         0  stdout.o ABSOLUTE
    ../clib/microlib/string/memcpy.c         0x00000000   Number         0  memcpyb.o ABSOLUTE
    ../clib/microlib/string/memcpy.c         0x00000000   Number         0  memcpya.o ABSOLUTE
    ../clib/microlib/string/strlen.c         0x00000000   Number         0  strlen.o ABSOLUTE
    ../clib/microlib/stubs.s                 0x00000000   Number         0  iusefp.o ABSOLUTE
    ../clib/microlib/stubs.s                 0x00000000   Number         0  iusesemip.o ABSOLUTE
    ../fplib/microlib/fpadd.c                0x00000000   Number         0  dadd.o ABSOLUTE
    ../fplib/microlib/fpdiv.c                0x00000000   Number         0  ddiv.o ABSOLUTE
    ../fplib/microlib/fpepilogue.c           0x00000000   Number         0  depilogue.o ABSOLUTE
    ../fplib/microlib/fpfix.c                0x00000000   Number         0  dfixul.o ABSOLUTE
    ../fplib/microlib/fpmul.c                0x00000000   Number         0  dmul.o ABSOLUTE
    ..\Drivers\STM32F1xx_HAL_Driver\Src\stm32f1xx_hal.c 0x00000000   Number         0  stm32f1xx_hal.o ABSOLUTE
    ..\Drivers\STM32F1xx_HAL_Driver\Src\stm32f1xx_hal_cortex.c 0x00000000   Number         0  stm32f1xx_hal_cortex.o ABSOLUTE
    ..\Drivers\STM32F1xx_HAL_Driver\Src\stm32f1xx_hal_dma.c 0x00000000   Number         0  stm32f1xx_hal_dma.o ABSOLUTE
    ..\Drivers\STM32F1xx_HAL_Driver\Src\stm32f1xx_hal_flash.c 0x00000000   Number         0  stm32f1xx_hal_flash.o ABSOLUTE
    ..\Drivers\STM32F1xx_HAL_Driver\Src\stm32f1xx_hal_flash_ex.c 0x00000000   Number         0  stm32f1xx_hal_flash_ex.o ABSOLUTE
    ..\Drivers\STM32F1xx_HAL_Driver\Src\stm32f1xx_hal_gpio.c 0x00000000   Number         0  stm32f1xx_hal_gpio.o ABSOLUTE
    ..\Drivers\STM32F1xx_HAL_Driver\Src\stm32f1xx_hal_gpio_ex.c 0x00000000   Number         0  stm32f1xx_hal_gpio_ex.o ABSOLUTE
    ..\Drivers\STM32F1xx_HAL_Driver\Src\stm32f1xx_hal_pwr.c 0x00000000   Number         0  stm32f1xx_hal_pwr.o ABSOLUTE
    ..\Drivers\STM32F1xx_HAL_Driver\Src\stm32f1xx_hal_rcc.c 0x00000000   Number         0  stm32f1xx_hal_rcc.o ABSOLUTE
    ..\Drivers\STM32F1xx_HAL_Driver\Src\stm32f1xx_hal_rcc_ex.c 0x00000000   Number         0  stm32f1xx_hal_rcc_ex.o ABSOLUTE
    ..\Drivers\STM32F1xx_HAL_Driver\Src\stm32f1xx_hal_tim.c 0x00000000   Number         0  stm32f1xx_hal_tim.o ABSOLUTE
    ..\Drivers\STM32F1xx_HAL_Driver\Src\stm32f1xx_hal_tim_ex.c 0x00000000   Number         0  stm32f1xx_hal_tim_ex.o ABSOLUTE
    ..\Drivers\STM32F1xx_HAL_Driver\Src\stm32f1xx_hal_uart.c 0x00000000   Number         0  stm32f1xx_hal_uart.o ABSOLUTE
    ..\Middlewares\Third_Party\FreeRTOS\Source\CMSIS_RTOS\cmsis_os.c 0x00000000   Number         0  cmsis_os.o ABSOLUTE
    ..\Middlewares\Third_Party\FreeRTOS\Source\portable\RVDS\ARM_CM3\port.c 0x00000000   Number         0  port.o ABSOLUTE
    ..\Src\RF.c                              0x00000000   Number         0  rf.o ABSOLUTE
    ..\Src\main.c                            0x00000000   Number         0  main.o ABSOLUTE
    ..\Src\stm32f1xx_hal_msp.c               0x00000000   Number         0  stm32f1xx_hal_msp.o ABSOLUTE
    ..\Src\stm32f1xx_hal_timebase_TIM.c      0x00000000   Number         0  stm32f1xx_hal_timebase_tim.o ABSOLUTE
    ..\Src\stm32f1xx_it.c                    0x00000000   Number         0  stm32f1xx_it.o ABSOLUTE
    ..\\Src\\RF.c                            0x00000000   Number         0  rf.o ABSOLUTE
    ..\\Src\system_stm32f1xx.c               0x00000000   Number         0  system_stm32f1xx.o ABSOLUTE
    cdrcmple.s                               0x00000000   Number         0  cdrcmple.o ABSOLUTE
    dc.s                                     0x00000000   Number         0  dc.o ABSOLUTE
    handlers.s                               0x00000000   Number         0  handlers.o ABSOLUTE
    init.s                                   0x00000000   Number         0  init.o ABSOLUTE
    startup_stm32f103xb.s                    0x00000000   Number         0  startup_stm32f103xb.o ABSOLUTE
    RESET                                    0x08000000   Section      236  startup_stm32f103xb.o(RESET)
    .ARM.Collect$$$$00000000                 0x080000ec   Section        0  entry.o(.ARM.Collect$$$$00000000)
    .ARM.Collect$$$$00000001                 0x080000ec   Section        4  entry2.o(.ARM.Collect$$$$00000001)
    .ARM.Collect$$$$00000004                 0x080000f0   Section        4  entry5.o(.ARM.Collect$$$$00000004)
    .ARM.Collect$$$$00000008                 0x080000f4   Section        0  entry7b.o(.ARM.Collect$$$$00000008)
    .ARM.Collect$$$$0000000A                 0x080000f4   Section        0  entry8b.o(.ARM.Collect$$$$0000000A)
    .ARM.Collect$$$$0000000B                 0x080000f4   Section        8  entry9a.o(.ARM.Collect$$$$0000000B)
    .ARM.Collect$$$$0000000D                 0x080000fc   Section        0  entry10a.o(.ARM.Collect$$$$0000000D)
    .ARM.Collect$$$$0000000F                 0x080000fc   Section        0  entry11a.o(.ARM.Collect$$$$0000000F)
    .ARM.Collect$$$$00002712                 0x080000fc   Section        4  entry2.o(.ARM.Collect$$$$00002712)
    __lit__00000000                          0x080000fc   Data           4  entry2.o(.ARM.Collect$$$$00002712)
    .emb_text                                0x08000100   Section      150  port.o(.emb_text)
    .text                                    0x08000198   Section       36  startup_stm32f103xb.o(.text)
    .text                                    0x080001bc   Section        0  memcpya.o(.text)
    .text                                    0x080001e0   Section        0  strlen.o(.text)
    .text                                    0x080001ee   Section        0  uidiv.o(.text)
    .text                                    0x0800021c   Section       36  init.o(.text)
    i.BusFault_Handler                       0x08000240   Section        0  stm32f1xx_it.o(i.BusFault_Handler)
    i.Callback01                             0x08000244   Section        0  main.o(i.Callback01)
    i.DebugMon_Handler                       0x08000390   Section        0  stm32f1xx_it.o(i.DebugMon_Handler)
    i.HAL_DMA_Abort_IT                       0x08000394   Section        0  stm32f1xx_hal_dma.o(i.HAL_DMA_Abort_IT)
    i.HAL_Delay                              0x0800042c   Section        0  stm32f1xx_hal.o(i.HAL_Delay)
    i.HAL_GPIO_Init                          0x08000450   Section        0  stm32f1xx_hal_gpio.o(i.HAL_GPIO_Init)
    i.HAL_GPIO_WritePin                      0x0800060c   Section        0  stm32f1xx_hal_gpio.o(i.HAL_GPIO_WritePin)
    i.HAL_GetTick                            0x08000618   Section        0  stm32f1xx_hal.o(i.HAL_GetTick)
    i.HAL_IncTick                            0x08000624   Section        0  stm32f1xx_hal.o(i.HAL_IncTick)
    i.HAL_Init                               0x08000634   Section        0  stm32f1xx_hal.o(i.HAL_Init)
    i.HAL_InitTick                           0x08000658   Section        0  stm32f1xx_hal_timebase_tim.o(i.HAL_InitTick)
    i.HAL_MspInit                            0x080006cc   Section        0  stm32f1xx_hal_msp.o(i.HAL_MspInit)
    i.HAL_NVIC_EnableIRQ                     0x0800075c   Section        0  stm32f1xx_hal_cortex.o(i.HAL_NVIC_EnableIRQ)
    i.HAL_NVIC_SetPriority                   0x08000774   Section        0  stm32f1xx_hal_cortex.o(i.HAL_NVIC_SetPriority)
    i.HAL_NVIC_SetPriorityGrouping           0x080007b4   Section        0  stm32f1xx_hal_cortex.o(i.HAL_NVIC_SetPriorityGrouping)
    i.HAL_RCC_ClockConfig                    0x080007d8   Section        0  stm32f1xx_hal_rcc.o(i.HAL_RCC_ClockConfig)
    i.HAL_RCC_GetClockConfig                 0x0800092c   Section        0  stm32f1xx_hal_rcc.o(i.HAL_RCC_GetClockConfig)
    i.HAL_RCC_GetHCLKFreq                    0x0800096c   Section        0  stm32f1xx_hal_rcc.o(i.HAL_RCC_GetHCLKFreq)
    i.HAL_RCC_GetPCLK1Freq                   0x08000978   Section        0  stm32f1xx_hal_rcc.o(i.HAL_RCC_GetPCLK1Freq)
    i.HAL_RCC_GetPCLK2Freq                   0x08000998   Section        0  stm32f1xx_hal_rcc.o(i.HAL_RCC_GetPCLK2Freq)
    i.HAL_RCC_GetSysClockFreq                0x080009b8   Section        0  stm32f1xx_hal_rcc.o(i.HAL_RCC_GetSysClockFreq)
    i.HAL_RCC_OscConfig                      0x08000a24   Section        0  stm32f1xx_hal_rcc.o(i.HAL_RCC_OscConfig)
    i.HAL_SYSTICK_CLKSourceConfig            0x08000d28   Section        0  stm32f1xx_hal_cortex.o(i.HAL_SYSTICK_CLKSourceConfig)
    i.HAL_SYSTICK_Config                     0x08000d40   Section        0  stm32f1xx_hal_cortex.o(i.HAL_SYSTICK_Config)
    i.HAL_TIMEx_BreakCallback                0x08000d68   Section        0  stm32f1xx_hal_tim_ex.o(i.HAL_TIMEx_BreakCallback)
    i.HAL_TIMEx_CommutationCallback          0x08000d6a   Section        0  stm32f1xx_hal_tim_ex.o(i.HAL_TIMEx_CommutationCallback)
    i.HAL_TIMEx_MasterConfigSynchronization  0x08000d6c   Section        0  stm32f1xx_hal_tim_ex.o(i.HAL_TIMEx_MasterConfigSynchronization)
    i.HAL_TIM_Base_Init                      0x08000dbc   Section        0  stm32f1xx_hal_tim.o(i.HAL_TIM_Base_Init)
    i.HAL_TIM_Base_MspInit                   0x08000df4   Section        0  stm32f1xx_hal_msp.o(i.HAL_TIM_Base_MspInit)
    i.HAL_TIM_Base_Start_IT                  0x08000e68   Section        0  stm32f1xx_hal_tim.o(i.HAL_TIM_Base_Start_IT)
    i.HAL_TIM_ConfigClockSource              0x08000e80   Section        0  stm32f1xx_hal_tim.o(i.HAL_TIM_ConfigClockSource)
    i.HAL_TIM_IC_CaptureCallback             0x08000f74   Section        0  main.o(i.HAL_TIM_IC_CaptureCallback)
    i.HAL_TIM_IC_ConfigChannel               0x08001060   Section        0  stm32f1xx_hal_tim.o(i.HAL_TIM_IC_ConfigChannel)
    i.HAL_TIM_IC_Init                        0x0800117a   Section        0  stm32f1xx_hal_tim.o(i.HAL_TIM_IC_Init)
    i.HAL_TIM_IC_MspInit                     0x080011b0   Section        0  stm32f1xx_hal_tim.o(i.HAL_TIM_IC_MspInit)
    i.HAL_TIM_IC_Start_IT                    0x080011b2   Section        0  stm32f1xx_hal_tim.o(i.HAL_TIM_IC_Start_IT)
    i.HAL_TIM_IC_Stop_IT                     0x080011fe   Section        0  stm32f1xx_hal_tim.o(i.HAL_TIM_IC_Stop_IT)
    i.HAL_TIM_IRQHandler                     0x0800125c   Section        0  stm32f1xx_hal_tim.o(i.HAL_TIM_IRQHandler)
    i.HAL_TIM_MspPostInit                    0x080013c4   Section        0  stm32f1xx_hal_msp.o(i.HAL_TIM_MspPostInit)
    i.HAL_TIM_OC_ConfigChannel               0x080013e8   Section        0  stm32f1xx_hal_tim.o(i.HAL_TIM_OC_ConfigChannel)
    i.HAL_TIM_OC_DelayElapsedCallback        0x08001440   Section        0  main.o(i.HAL_TIM_OC_DelayElapsedCallback)
    i.HAL_TIM_OC_Init                        0x08001474   Section        0  stm32f1xx_hal_tim.o(i.HAL_TIM_OC_Init)
    i.HAL_TIM_OC_MspInit                     0x080014aa   Section        0  stm32f1xx_hal_tim.o(i.HAL_TIM_OC_MspInit)
    i.HAL_TIM_OC_Start_IT                    0x080014ac   Section        0  stm32f1xx_hal_tim.o(i.HAL_TIM_OC_Start_IT)
    i.HAL_TIM_OC_Stop_IT                     0x0800150c   Section        0  stm32f1xx_hal_tim.o(i.HAL_TIM_OC_Stop_IT)
    i.HAL_TIM_PWM_PulseFinishedCallback      0x0800158c   Section        0  stm32f1xx_hal_tim.o(i.HAL_TIM_PWM_PulseFinishedCallback)
    i.HAL_TIM_PeriodElapsedCallback          0x08001590   Section        0  main.o(i.HAL_TIM_PeriodElapsedCallback)
    i.HAL_TIM_ReadCapturedValue              0x080015a4   Section        0  stm32f1xx_hal_tim.o(i.HAL_TIM_ReadCapturedValue)
    i.HAL_TIM_SlaveConfigSynchronization     0x080015e8   Section        0  stm32f1xx_hal_tim.o(i.HAL_TIM_SlaveConfigSynchronization)
    i.HAL_TIM_TriggerCallback                0x0800162a   Section        0  stm32f1xx_hal_tim.o(i.HAL_TIM_TriggerCallback)
    i.HAL_UART_ErrorCallback                 0x0800162c   Section        0  stm32f1xx_hal_uart.o(i.HAL_UART_ErrorCallback)
    i.HAL_UART_IRQHandler                    0x08001630   Section        0  stm32f1xx_hal_uart.o(i.HAL_UART_IRQHandler)
    i.HAL_UART_Init                          0x08001740   Section        0  stm32f1xx_hal_uart.o(i.HAL_UART_Init)
    i.HAL_UART_MspInit                       0x080017a4   Section        0  stm32f1xx_hal_msp.o(i.HAL_UART_MspInit)
    i.HAL_UART_Receive_IT                    0x0800181c   Section        0  stm32f1xx_hal_uart.o(i.HAL_UART_Receive_IT)
    i.HAL_UART_RxCpltCallback                0x08001870   Section        0  main.o(i.HAL_UART_RxCpltCallback)
    i.HAL_UART_Transmit                      0x08001904   Section        0  stm32f1xx_hal_uart.o(i.HAL_UART_Transmit)
    i.HAL_UART_TxCpltCallback                0x080019be   Section        0  stm32f1xx_hal_uart.o(i.HAL_UART_TxCpltCallback)
    i.HardFault_Handler                      0x080019c0   Section        0  stm32f1xx_it.o(i.HardFault_Handler)
    i.MX_GPIO_Init                           0x080019c4   Section        0  main.o(i.MX_GPIO_Init)
    MX_GPIO_Init                             0x080019c5   Thumb Code   112  main.o(i.MX_GPIO_Init)
    i.MX_TIM1_Init                           0x08001a3c   Section        0  main.o(i.MX_TIM1_Init)
    MX_TIM1_Init                             0x08001a3d   Thumb Code   168  main.o(i.MX_TIM1_Init)
    i.MX_TIM2_Init                           0x08001aec   Section        0  main.o(i.MX_TIM2_Init)
    MX_TIM2_Init                             0x08001aed   Thumb Code   128  main.o(i.MX_TIM2_Init)
    i.MemManage_Handler                      0x08001b70   Section        0  stm32f1xx_it.o(i.MemManage_Handler)
    i.NMI_Handler                            0x08001b72   Section        0  stm32f1xx_it.o(i.NMI_Handler)
    i.NVIC_SetPriority                       0x08001b74   Section        0  stm32f1xx_hal_cortex.o(i.NVIC_SetPriority)
    NVIC_SetPriority                         0x08001b75   Thumb Code    32  stm32f1xx_hal_cortex.o(i.NVIC_SetPriority)
    i.RF_LEARN                               0x08001b94   Section        0  rf.o(i.RF_LEARN)
    i.StartDefaultTask                       0x08001c34   Section        0  main.o(i.StartDefaultTask)
    i.StartTask02                            0x08001c3c   Section        0  main.o(i.StartTask02)
    i.SysTick_Handler                        0x08001d34   Section        0  stm32f1xx_it.o(i.SysTick_Handler)
    i.SystemClock_Config                     0x08001d38   Section        0  main.o(i.SystemClock_Config)
    i.SystemInit                             0x08001da0   Section        0  system_stm32f1xx.o(i.SystemInit)
    i.TIM1_CC_IRQHandler                     0x08001de8   Section        0  stm32f1xx_it.o(i.TIM1_CC_IRQHandler)
    i.TIM2_IRQHandler                        0x08001df4   Section        0  stm32f1xx_it.o(i.TIM2_IRQHandler)
    i.TIM4_IRQHandler                        0x08001e00   Section        0  stm32f1xx_it.o(i.TIM4_IRQHandler)
    i.TIM_Base_SetConfig                     0x08001e0c   Section        0  stm32f1xx_hal_tim.o(i.TIM_Base_SetConfig)
    i.TIM_CCxChannelCmd                      0x08001e78   Section        0  stm32f1xx_hal_tim.o(i.TIM_CCxChannelCmd)
    i.TIM_ETR_SetConfig                      0x08001e8e   Section        0  stm32f1xx_hal_tim.o(i.TIM_ETR_SetConfig)
    TIM_ETR_SetConfig                        0x08001e8f   Thumb Code    20  stm32f1xx_hal_tim.o(i.TIM_ETR_SetConfig)
    i.TIM_ITRx_SetConfig                     0x08001ea2   Section        0  stm32f1xx_hal_tim.o(i.TIM_ITRx_SetConfig)
    TIM_ITRx_SetConfig                       0x08001ea3   Thumb Code    16  stm32f1xx_hal_tim.o(i.TIM_ITRx_SetConfig)
    i.TIM_OC1_SetConfig                      0x08001eb4   Section        0  stm32f1xx_hal_tim.o(i.TIM_OC1_SetConfig)
    TIM_OC1_SetConfig                        0x08001eb5   Thumb Code    74  stm32f1xx_hal_tim.o(i.TIM_OC1_SetConfig)
    i.TIM_OC2_SetConfig                      0x08001f04   Section        0  stm32f1xx_hal_tim.o(i.TIM_OC2_SetConfig)
    i.TIM_OC3_SetConfig                      0x08001f5c   Section        0  stm32f1xx_hal_tim.o(i.TIM_OC3_SetConfig)
    TIM_OC3_SetConfig                        0x08001f5d   Thumb Code    82  stm32f1xx_hal_tim.o(i.TIM_OC3_SetConfig)
    i.TIM_OC4_SetConfig                      0x08001fb4   Section        0  stm32f1xx_hal_tim.o(i.TIM_OC4_SetConfig)
    TIM_OC4_SetConfig                        0x08001fb5   Thumb Code    64  stm32f1xx_hal_tim.o(i.TIM_OC4_SetConfig)
    i.TIM_SlaveTimer_SetConfig               0x08001ff8   Section        0  stm32f1xx_hal_tim.o(i.TIM_SlaveTimer_SetConfig)
    TIM_SlaveTimer_SetConfig                 0x08001ff9   Thumb Code   124  stm32f1xx_hal_tim.o(i.TIM_SlaveTimer_SetConfig)
    i.TIM_TI1_ConfigInputStage               0x08002074   Section        0  stm32f1xx_hal_tim.o(i.TIM_TI1_ConfigInputStage)
    TIM_TI1_ConfigInputStage                 0x08002075   Thumb Code    34  stm32f1xx_hal_tim.o(i.TIM_TI1_ConfigInputStage)
    i.TIM_TI1_SetConfig                      0x08002098   Section        0  stm32f1xx_hal_tim.o(i.TIM_TI1_SetConfig)
    i.TIM_TI2_ConfigInputStage               0x080020f0   Section        0  stm32f1xx_hal_tim.o(i.TIM_TI2_ConfigInputStage)
    TIM_TI2_ConfigInputStage                 0x080020f1   Thumb Code    36  stm32f1xx_hal_tim.o(i.TIM_TI2_ConfigInputStage)
    i.TIM_TI2_SetConfig                      0x08002114   Section        0  stm32f1xx_hal_tim.o(i.TIM_TI2_SetConfig)
    TIM_TI2_SetConfig                        0x08002115   Thumb Code    54  stm32f1xx_hal_tim.o(i.TIM_TI2_SetConfig)
    i.UART_DMAAbortOnError                   0x0800214a   Section        0  stm32f1xx_hal_uart.o(i.UART_DMAAbortOnError)
    UART_DMAAbortOnError                     0x0800214b   Thumb Code    16  stm32f1xx_hal_uart.o(i.UART_DMAAbortOnError)
    i.UART_EndRxTransfer                     0x0800215a   Section        0  stm32f1xx_hal_uart.o(i.UART_EndRxTransfer)
    UART_EndRxTransfer                       0x0800215b   Thumb Code    28  stm32f1xx_hal_uart.o(i.UART_EndRxTransfer)
    i.UART_Receive_IT                        0x08002176   Section        0  stm32f1xx_hal_uart.o(i.UART_Receive_IT)
    UART_Receive_IT                          0x08002177   Thumb Code   150  stm32f1xx_hal_uart.o(i.UART_Receive_IT)
    i.UART_SetConfig                         0x0800220c   Section        0  stm32f1xx_hal_uart.o(i.UART_SetConfig)
    UART_SetConfig                           0x0800220d   Thumb Code   364  stm32f1xx_hal_uart.o(i.UART_SetConfig)
    i.UART_Transmit_IT                       0x0800237c   Section        0  stm32f1xx_hal_uart.o(i.UART_Transmit_IT)
    UART_Transmit_IT                         0x0800237d   Thumb Code    98  stm32f1xx_hal_uart.o(i.UART_Transmit_IT)
    i.UART_WaitOnFlagUntilTimeout            0x080023de   Section        0  stm32f1xx_hal_uart.o(i.UART_WaitOnFlagUntilTimeout)
    UART_WaitOnFlagUntilTimeout              0x080023df   Thumb Code   100  stm32f1xx_hal_uart.o(i.UART_WaitOnFlagUntilTimeout)
    i.USART1_IRQHandler                      0x08002444   Section        0  stm32f1xx_it.o(i.USART1_IRQHandler)
    i.UsageFault_Handler                     0x08002450   Section        0  stm32f1xx_it.o(i.UsageFault_Handler)
    i.__0sprintf$3                           0x08002454   Section        0  printf3.o(i.__0sprintf$3)
    i.__scatterload_copy                     0x0800247c   Section       14  handlers.o(i.__scatterload_copy)
    i.__scatterload_null                     0x0800248a   Section        2  handlers.o(i.__scatterload_null)
    i.__scatterload_zeroinit                 0x0800248c   Section       14  handlers.o(i.__scatterload_zeroinit)
    i._printf_core                           0x0800249c   Section        0  printf3.o(i._printf_core)
    _printf_core                             0x0800249d   Thumb Code   436  printf3.o(i._printf_core)
    i._sputc                                 0x08002654   Section        0  printf3.o(i._sputc)
    _sputc                                   0x08002655   Thumb Code    10  printf3.o(i._sputc)
    i.inHandlerMode                          0x0800265e   Section        0  cmsis_os.o(i.inHandlerMode)
    inHandlerMode                            0x0800265f   Thumb Code    12  cmsis_os.o(i.inHandlerMode)
    i.main                                   0x0800266c   Section        0  main.o(i.main)
    i.makeFreeRtosPriority                   0x08002708   Section        0  cmsis_os.o(i.makeFreeRtosPriority)
    makeFreeRtosPriority                     0x08002709   Thumb Code    12  cmsis_os.o(i.makeFreeRtosPriority)
    i.osDelay                                0x08002714   Section        0  cmsis_os.o(i.osDelay)
    i.osKernelStart                          0x08002722   Section        0  cmsis_os.o(i.osKernelStart)
    i.osSignalSet                            0x0800272c   Section        0  cmsis_os.o(i.osSignalSet)
    i.osSignalWait                           0x08002788   Section        0  cmsis_os.o(i.osSignalWait)
    i.osSystickHandler                       0x080027de   Section        0  cmsis_os.o(i.osSystickHandler)
    i.osThreadCreate                         0x080027f2   Section        0  cmsis_os.o(i.osThreadCreate)
    i.osTimerCreate                          0x08002820   Section        0  cmsis_os.o(i.osTimerCreate)
    i.osTimerStart                           0x08002844   Section        0  cmsis_os.o(i.osTimerStart)
    i.osTimerStop                            0x080028a0   Section        0  cmsis_os.o(i.osTimerStop)
    i.prvAddCurrentTaskToDelayedList         0x080028f8   Section        0  tasks.o(i.prvAddCurrentTaskToDelayedList)
    prvAddCurrentTaskToDelayedList           0x080028f9   Thumb Code   102  tasks.o(i.prvAddCurrentTaskToDelayedList)
    i.prvAddNewTaskToReadyList               0x08002968   Section        0  tasks.o(i.prvAddNewTaskToReadyList)
    prvAddNewTaskToReadyList                 0x08002969   Thumb Code   194  tasks.o(i.prvAddNewTaskToReadyList)
    i.prvCheckForValidListAndQueue           0x08002a38   Section        0  timers.o(i.prvCheckForValidListAndQueue)
    prvCheckForValidListAndQueue             0x08002a39   Thumb Code    62  timers.o(i.prvCheckForValidListAndQueue)
    i.prvCheckTasksWaitingTermination        0x08002a88   Section        0  tasks.o(i.prvCheckTasksWaitingTermination)
    prvCheckTasksWaitingTermination          0x08002a89   Thumb Code    70  tasks.o(i.prvCheckTasksWaitingTermination)
    i.prvCopyDataFromQueue                   0x08002ad8   Section        0  queue.o(i.prvCopyDataFromQueue)
    prvCopyDataFromQueue                     0x08002ad9   Thumb Code    38  queue.o(i.prvCopyDataFromQueue)
    i.prvCopyDataToQueue                     0x08002afe   Section        0  queue.o(i.prvCopyDataToQueue)
    prvCopyDataToQueue                       0x08002aff   Thumb Code   108  queue.o(i.prvCopyDataToQueue)
    i.prvDeleteTCB                           0x08002b6a   Section        0  tasks.o(i.prvDeleteTCB)
    prvDeleteTCB                             0x08002b6b   Thumb Code    20  tasks.o(i.prvDeleteTCB)
    i.prvHeapInit                            0x08002b80   Section        0  heap_4.o(i.prvHeapInit)
    prvHeapInit                              0x08002b81   Thumb Code    64  heap_4.o(i.prvHeapInit)
    i.prvIdleTask                            0x08002bc8   Section        0  tasks.o(i.prvIdleTask)
    prvIdleTask                              0x08002bc9   Thumb Code    30  tasks.o(i.prvIdleTask)
    i.prvInitialiseNewTask                   0x08002bf0   Section        0  tasks.o(i.prvInitialiseNewTask)
    prvInitialiseNewTask                     0x08002bf1   Thumb Code   142  tasks.o(i.prvInitialiseNewTask)
    i.prvInsertBlockIntoFreeList             0x08002c80   Section        0  heap_4.o(i.prvInsertBlockIntoFreeList)
    prvInsertBlockIntoFreeList               0x08002c81   Thumb Code    72  heap_4.o(i.prvInsertBlockIntoFreeList)
    i.prvInsertTimerInActiveList             0x08002ccc   Section        0  timers.o(i.prvInsertTimerInActiveList)
    prvInsertTimerInActiveList               0x08002ccd   Thumb Code    52  timers.o(i.prvInsertTimerInActiveList)
    i.prvIsQueueEmpty                        0x08002d04   Section        0  queue.o(i.prvIsQueueEmpty)
    prvIsQueueEmpty                          0x08002d05   Thumb Code    28  queue.o(i.prvIsQueueEmpty)
    i.prvProcessReceivedCommands             0x08002d20   Section        0  timers.o(i.prvProcessReceivedCommands)
    prvProcessReceivedCommands               0x08002d21   Thumb Code   180  timers.o(i.prvProcessReceivedCommands)
    i.prvProcessTimerOrBlockTask             0x08002dd8   Section        0  timers.o(i.prvProcessTimerOrBlockTask)
    prvProcessTimerOrBlockTask               0x08002dd9   Thumb Code   172  timers.o(i.prvProcessTimerOrBlockTask)
    i.prvResetNextTaskUnblockTime            0x08002e8c   Section        0  tasks.o(i.prvResetNextTaskUnblockTime)
    prvResetNextTaskUnblockTime              0x08002e8d   Thumb Code    26  tasks.o(i.prvResetNextTaskUnblockTime)
    i.prvSampleTimeNow                       0x08002eac   Section        0  timers.o(i.prvSampleTimeNow)
    prvSampleTimeNow                         0x08002ead   Thumb Code    36  timers.o(i.prvSampleTimeNow)
    i.prvSwitchTimerLists                    0x08002ed4   Section        0  timers.o(i.prvSwitchTimerLists)
    prvSwitchTimerLists                      0x08002ed5   Thumb Code   102  timers.o(i.prvSwitchTimerLists)
    i.prvTaskExitError                       0x08002f40   Section        0  port.o(i.prvTaskExitError)
    prvTaskExitError                         0x08002f41   Thumb Code    36  port.o(i.prvTaskExitError)
    i.prvTimerTask                           0x08002f68   Section        0  timers.o(i.prvTimerTask)
    prvTimerTask                             0x08002f69   Thumb Code    32  timers.o(i.prvTimerTask)
    i.prvUnlockQueue                         0x08002f8c   Section        0  queue.o(i.prvUnlockQueue)
    prvUnlockQueue                           0x08002f8d   Thumb Code   106  queue.o(i.prvUnlockQueue)
    i.pvPortMalloc                           0x08002ff8   Section        0  heap_4.o(i.pvPortMalloc)
    i.pvTaskIncrementMutexHeldCount          0x080030d0   Section        0  tasks.o(i.pvTaskIncrementMutexHeldCount)
    i.pxPortInitialiseStack                  0x080030e8   Section        0  port.o(i.pxPortInitialiseStack)
    i.uxListRemove                           0x0800310c   Section        0  list.o(i.uxListRemove)
    i.vListInitialise                        0x08003130   Section        0  list.o(i.vListInitialise)
    i.vListInitialiseItem                    0x08003146   Section        0  list.o(i.vListInitialiseItem)
    i.vListInsert                            0x0800314c   Section        0  list.o(i.vListInsert)
    i.vListInsertEnd                         0x0800317c   Section        0  list.o(i.vListInsertEnd)
    i.vPortEnterCritical                     0x08003194   Section        0  port.o(i.vPortEnterCritical)
    i.vPortExitCritical                      0x080031d4   Section        0  port.o(i.vPortExitCritical)
    i.vPortFree                              0x080031fc   Section        0  heap_4.o(i.vPortFree)
    i.vPortSetupTimerInterrupt               0x08003258   Section        0  port.o(i.vPortSetupTimerInterrupt)
    i.vPortValidateInterruptPriority         0x08003278   Section        0  port.o(i.vPortValidateInterruptPriority)
    i.vQueueAddToRegistry                    0x080032cc   Section        0  queue.o(i.vQueueAddToRegistry)
    i.vQueueWaitForMessageRestricted         0x080032f4   Section        0  queue.o(i.vQueueWaitForMessageRestricted)
    i.vTaskDelay                             0x08003338   Section        0  tasks.o(i.vTaskDelay)
    i.vTaskMissedYield                       0x08003384   Section        0  tasks.o(i.vTaskMissedYield)
    i.vTaskPlaceOnEventList                  0x08003390   Section        0  tasks.o(i.vTaskPlaceOnEventList)
    i.vTaskPlaceOnEventListRestricted        0x080033c0   Section        0  tasks.o(i.vTaskPlaceOnEventListRestricted)
    i.vTaskPriorityInherit                   0x080033f8   Section        0  tasks.o(i.vTaskPriorityInherit)
    i.vTaskSetTimeOutState                   0x0800347c   Section        0  tasks.o(i.vTaskSetTimeOutState)
    i.vTaskStartScheduler                    0x080034a0   Section        0  tasks.o(i.vTaskStartScheduler)
    i.vTaskSuspendAll                        0x08003510   Section        0  tasks.o(i.vTaskSuspendAll)
    i.vTaskSwitchContext                     0x08003520   Section        0  tasks.o(i.vTaskSwitchContext)
    i.xPortStartScheduler                    0x0800357c   Section        0  port.o(i.xPortStartScheduler)
    i.xPortSysTickHandler                    0x080035f0   Section        0  port.o(i.xPortSysTickHandler)
    i.xQueueGenericCreate                    0x0800361c   Section        0  queue.o(i.xQueueGenericCreate)
    i.xQueueGenericReceive                   0x08003664   Section        0  queue.o(i.xQueueGenericReceive)
    i.xQueueGenericReset                     0x080037d0   Section        0  queue.o(i.xQueueGenericReset)
    i.xQueueGenericSend                      0x08003858   Section        0  queue.o(i.xQueueGenericSend)
    i.xQueueGenericSendFromISR               0x080039b8   Section        0  queue.o(i.xQueueGenericSendFromISR)
    i.xTaskCheckForTimeOut                   0x08003a74   Section        0  tasks.o(i.xTaskCheckForTimeOut)
    i.xTaskCreate                            0x08003ae0   Section        0  tasks.o(i.xTaskCreate)
    i.xTaskGenericNotify                     0x08003b38   Section        0  tasks.o(i.xTaskGenericNotify)
    i.xTaskGenericNotifyFromISR              0x08003c04   Section        0  tasks.o(i.xTaskGenericNotifyFromISR)
    i.xTaskGetSchedulerState                 0x08003cf4   Section        0  tasks.o(i.xTaskGetSchedulerState)
    i.xTaskGetTickCount                      0x08003d10   Section        0  tasks.o(i.xTaskGetTickCount)
    i.xTaskIncrementTick                     0x08003d1c   Section        0  tasks.o(i.xTaskIncrementTick)
    i.xTaskNotifyWait                        0x08003de4   Section        0  tasks.o(i.xTaskNotifyWait)
    i.xTaskPriorityDisinherit                0x08003e70   Section        0  tasks.o(i.xTaskPriorityDisinherit)
    i.xTaskRemoveFromEventList               0x08003f08   Section        0  tasks.o(i.xTaskRemoveFromEventList)
    i.xTaskResumeAll                         0x08003f7c   Section        0  tasks.o(i.xTaskResumeAll)
    i.xTimerCreate                           0x08004040   Section        0  timers.o(i.xTimerCreate)
    i.xTimerCreateTimerTask                  0x08004090   Section        0  timers.o(i.xTimerCreateTimerTask)
    i.xTimerGenericCommand                   0x080040dc   Section        0  timers.o(i.xTimerGenericCommand)
    .constdata                               0x0800413c   Section       44  main.o(.constdata)
    .constdata                               0x08004168   Section       16  system_stm32f1xx.o(.constdata)
    .constdata                               0x08004178   Section        8  system_stm32f1xx.o(.constdata)
    .conststring                             0x08004180   Section       21  main.o(.conststring)
    .data                                    0x20000000   Section       28  main.o(.data)
    .data                                    0x2000001c   Section       12  stm32f1xx_hal.o(.data)
    .data                                    0x20000028   Section        4  system_stm32f1xx.o(.data)
    .data                                    0x2000002c   Section       24  heap_4.o(.data)
    pxEnd                                    0x2000002c   Data           4  heap_4.o(.data)
    xFreeBytesRemaining                      0x20000030   Data           4  heap_4.o(.data)
    xMinimumEverFreeBytesRemaining           0x20000034   Data           4  heap_4.o(.data)
    xBlockAllocatedBit                       0x20000038   Data           4  heap_4.o(.data)
    xStart                                   0x2000003c   Data           8  heap_4.o(.data)
    .data                                    0x20000044   Section       12  port.o(.data)
    ucMaxSysCallPriority                     0x20000044   Data           1  port.o(.data)
    uxCriticalNesting                        0x20000048   Data           4  port.o(.data)
    ulMaxPRIGROUPValue                       0x2000004c   Data           4  port.o(.data)
    .data                                    0x20000050   Section       60  tasks.o(.data)
    uxDeletedTasksWaitingCleanUp             0x20000054   Data           4  tasks.o(.data)
    uxCurrentNumberOfTasks                   0x20000058   Data           4  tasks.o(.data)
    xTickCount                               0x2000005c   Data           4  tasks.o(.data)
    uxTopReadyPriority                       0x20000060   Data           4  tasks.o(.data)
    xSchedulerRunning                        0x20000064   Data           4  tasks.o(.data)
    uxPendedTicks                            0x20000068   Data           4  tasks.o(.data)
    xYieldPending                            0x2000006c   Data           4  tasks.o(.data)
    xNumOfOverflows                          0x20000070   Data           4  tasks.o(.data)
    uxTaskNumber                             0x20000074   Data           4  tasks.o(.data)
    xNextTaskUnblockTime                     0x20000078   Data           4  tasks.o(.data)
    xIdleTaskHandle                          0x2000007c   Data           4  tasks.o(.data)
    uxSchedulerSuspended                     0x20000080   Data           4  tasks.o(.data)
    pxDelayedTaskList                        0x20000084   Data           4  tasks.o(.data)
    pxOverflowDelayedTaskList                0x20000088   Data           4  tasks.o(.data)
    .data                                    0x2000008c   Section       20  timers.o(.data)
    xTimerQueue                              0x2000008c   Data           4  timers.o(.data)
    xTimerTaskHandle                         0x20000090   Data           4  timers.o(.data)
    xLastTime                                0x20000094   Data           4  timers.o(.data)
    pxCurrentTimerList                       0x20000098   Data           4  timers.o(.data)
    pxOverflowTimerList                      0x2000009c   Data           4  timers.o(.data)
    .bss                                     0x200000a0   Section      552  main.o(.bss)
    .bss                                     0x200002c8   Section       64  stm32f1xx_hal_timebase_tim.o(.bss)
    .bss                                     0x20000308   Section     3892  heap_4.o(.bss)
    ucHeap                                   0x20000308   Data        3892  heap_4.o(.bss)
    .bss                                     0x2000123c   Section       64  queue.o(.bss)
    .bss                                     0x2000127c   Section      240  tasks.o(.bss)
    pxReadyTasksLists                        0x2000127c   Data         140  tasks.o(.bss)
    xDelayedTaskList1                        0x20001308   Data          20  tasks.o(.bss)
    xDelayedTaskList2                        0x2000131c   Data          20  tasks.o(.bss)
    xPendingReadyList                        0x20001330   Data          20  tasks.o(.bss)
    xTasksWaitingTermination                 0x20001344   Data          20  tasks.o(.bss)
    xSuspendedTaskList                       0x20001358   Data          20  tasks.o(.bss)
    .bss                                     0x2000136c   Section       40  timers.o(.bss)
    xActiveTimerList1                        0x2000136c   Data          20  timers.o(.bss)
    xActiveTimerList2                        0x20001380   Data          20  timers.o(.bss)
    STACK                                    0x20001398   Section     1024  startup_stm32f103xb.o(STACK)

    Global Symbols

    Symbol Name                              Value     Ov Type        Size  Object(Section)

    BuildAttributes$$THM_ISAv4$P$D$K$B$S$PE$A:L22UL41UL21$X:L11$S22US41US21$IEEE1$IW$USESV6$~STKCKD$USESV7$~SHL$OSPACE$ROPI$EBA8$MICROLIB$REQ8$PRES8$EABIv2 0x00000000   Number         0  anon$$obj.o ABSOLUTE
    __ARM_use_no_argv                        0x00000000   Number         0  main.o ABSOLUTE
    _printf_a                                0x00000000   Number         0  stubs.o ABSOLUTE
    _printf_c                                0x00000000   Number         0  stubs.o ABSOLUTE
    _printf_charcount                        0x00000000   Number         0  stubs.o ABSOLUTE
    _printf_d                                0x00000000   Number         0  stubs.o ABSOLUTE
    _printf_e                                0x00000000   Number         0  stubs.o ABSOLUTE
    _printf_f                                0x00000000   Number         0  stubs.o ABSOLUTE
    _printf_flags                            0x00000000   Number         0  stubs.o ABSOLUTE
    _printf_fp_dec                           0x00000000   Number         0  stubs.o ABSOLUTE
    _printf_fp_hex                           0x00000000   Number         0  stubs.o ABSOLUTE
    _printf_g                                0x00000000   Number         0  stubs.o ABSOLUTE
    _printf_i                                0x00000000   Number         0  stubs.o ABSOLUTE
    _printf_int_dec                          0x00000000   Number         0  stubs.o ABSOLUTE
    _printf_l                                0x00000000   Number         0  stubs.o ABSOLUTE
    _printf_lc                               0x00000000   Number         0  stubs.o ABSOLUTE
    _printf_ll                               0x00000000   Number         0  stubs.o ABSOLUTE
    _printf_lld                              0x00000000   Number         0  stubs.o ABSOLUTE
    _printf_lli                              0x00000000   Number         0  stubs.o ABSOLUTE
    _printf_llo                              0x00000000   Number         0  stubs.o ABSOLUTE
    _printf_llu                              0x00000000   Number         0  stubs.o ABSOLUTE
    _printf_llx                              0x00000000   Number         0  stubs.o ABSOLUTE
    _printf_longlong_dec                     0x00000000   Number         0  stubs.o ABSOLUTE
    _printf_longlong_hex                     0x00000000   Number         0  stubs.o ABSOLUTE
    _printf_longlong_oct                     0x00000000   Number         0  stubs.o ABSOLUTE
    _printf_ls                               0x00000000   Number         0  stubs.o ABSOLUTE
    _printf_mbtowc                           0x00000000   Number         0  stubs.o ABSOLUTE
    _printf_n                                0x00000000   Number         0  stubs.o ABSOLUTE
    _printf_o                                0x00000000   Number         0  stubs.o ABSOLUTE
    _printf_p                                0x00000000   Number         0  stubs.o ABSOLUTE
    _printf_percent                          0x00000000   Number         0  stubs.o ABSOLUTE
    _printf_pre_padding                      0x00000000   Number         0  stubs.o ABSOLUTE
    _printf_return_value                     0x00000000   Number         0  stubs.o ABSOLUTE
    _printf_s                                0x00000000   Number         0  stubs.o ABSOLUTE
    _printf_sizespec                         0x00000000   Number         0  stubs.o ABSOLUTE
    _printf_str                              0x00000000   Number         0  stubs.o ABSOLUTE
    _printf_truncate_signed                  0x00000000   Number         0  stubs.o ABSOLUTE
    _printf_truncate_unsigned                0x00000000   Number         0  stubs.o ABSOLUTE
    _printf_u                                0x00000000   Number         0  stubs.o ABSOLUTE
    _printf_wc                               0x00000000   Number         0  stubs.o ABSOLUTE
    _printf_wctomb                           0x00000000   Number         0  stubs.o ABSOLUTE
    _printf_widthprec                        0x00000000   Number         0  stubs.o ABSOLUTE
    _printf_x                                0x00000000   Number         0  stubs.o ABSOLUTE
    __cpp_initialize__aeabi_                  - Undefined Weak Reference
    __cxa_finalize                            - Undefined Weak Reference
    __decompress                              - Undefined Weak Reference
    _clock_init                               - Undefined Weak Reference
    _microlib_exit                            - Undefined Weak Reference
    __Vectors_Size                           0x000000ec   Number         0  startup_stm32f103xb.o ABSOLUTE
    __Vectors                                0x08000000   Data           4  startup_stm32f103xb.o(RESET)
    __Vectors_End                            0x080000ec   Data           0  startup_stm32f103xb.o(RESET)
    __main                                   0x080000ed   Thumb Code     0  entry.o(.ARM.Collect$$$$00000000)
    _main_stk                                0x080000ed   Thumb Code     0  entry2.o(.ARM.Collect$$$$00000001)
    _main_scatterload                        0x080000f1   Thumb Code     0  entry5.o(.ARM.Collect$$$$00000004)
    __main_after_scatterload                 0x080000f5   Thumb Code     0  entry5.o(.ARM.Collect$$$$00000004)
    _main_clock                              0x080000f5   Thumb Code     0  entry7b.o(.ARM.Collect$$$$00000008)
    _main_cpp_init                           0x080000f5   Thumb Code     0  entry8b.o(.ARM.Collect$$$$0000000A)
    _main_init                               0x080000f5   Thumb Code     0  entry9a.o(.ARM.Collect$$$$0000000B)
    __rt_final_cpp                           0x080000fd   Thumb Code     0  entry10a.o(.ARM.Collect$$$$0000000D)
    __rt_final_exit                          0x080000fd   Thumb Code     0  entry11a.o(.ARM.Collect$$$$0000000F)
    SVC_Handler                              0x08000101   Thumb Code    32  port.o(.emb_text)
    __asm___6_port_c_39a90d8d__prvStartFirstTask 0x08000125   Thumb Code    28  port.o(.emb_text)
    PendSV_Handler                           0x08000145   Thumb Code    72  port.o(.emb_text)
    vPortGetIPSR                             0x08000191   Thumb Code     6  port.o(.emb_text)
    Reset_Handler                            0x08000199   Thumb Code     8  startup_stm32f103xb.o(.text)
    ADC1_2_IRQHandler                        0x080001b3   Thumb Code     0  startup_stm32f103xb.o(.text)
    CAN1_RX1_IRQHandler                      0x080001b3   Thumb Code     0  startup_stm32f103xb.o(.text)
    CAN1_SCE_IRQHandler                      0x080001b3   Thumb Code     0  startup_stm32f103xb.o(.text)
    DMA1_Channel1_IRQHandler                 0x080001b3   Thumb Code     0  startup_stm32f103xb.o(.text)
    DMA1_Channel2_IRQHandler                 0x080001b3   Thumb Code     0  startup_stm32f103xb.o(.text)
    DMA1_Channel3_IRQHandler                 0x080001b3   Thumb Code     0  startup_stm32f103xb.o(.text)
    DMA1_Channel4_IRQHandler                 0x080001b3   Thumb Code     0  startup_stm32f103xb.o(.text)
    DMA1_Channel5_IRQHandler                 0x080001b3   Thumb Code     0  startup_stm32f103xb.o(.text)
    DMA1_Channel6_IRQHandler                 0x080001b3   Thumb Code     0  startup_stm32f103xb.o(.text)
    DMA1_Channel7_IRQHandler                 0x080001b3   Thumb Code     0  startup_stm32f103xb.o(.text)
    EXTI0_IRQHandler                         0x080001b3   Thumb Code     0  startup_stm32f103xb.o(.text)
    EXTI15_10_IRQHandler                     0x080001b3   Thumb Code     0  startup_stm32f103xb.o(.text)
    EXTI1_IRQHandler                         0x080001b3   Thumb Code     0  startup_stm32f103xb.o(.text)
    EXTI2_IRQHandler                         0x080001b3   Thumb Code     0  startup_stm32f103xb.o(.text)
    EXTI3_IRQHandler                         0x080001b3   Thumb Code     0  startup_stm32f103xb.o(.text)
    EXTI4_IRQHandler                         0x080001b3   Thumb Code     0  startup_stm32f103xb.o(.text)
    EXTI9_5_IRQHandler                       0x080001b3   Thumb Code     0  startup_stm32f103xb.o(.text)
    FLASH_IRQHandler                         0x080001b3   Thumb Code     0  startup_stm32f103xb.o(.text)
    I2C1_ER_IRQHandler                       0x080001b3   Thumb Code     0  startup_stm32f103xb.o(.text)
    I2C1_EV_IRQHandler                       0x080001b3   Thumb Code     0  startup_stm32f103xb.o(.text)
    I2C2_ER_IRQHandler                       0x080001b3   Thumb Code     0  startup_stm32f103xb.o(.text)
    I2C2_EV_IRQHandler                       0x080001b3   Thumb Code     0  startup_stm32f103xb.o(.text)
    PVD_IRQHandler                           0x080001b3   Thumb Code     0  startup_stm32f103xb.o(.text)
    RCC_IRQHandler                           0x080001b3   Thumb Code     0  startup_stm32f103xb.o(.text)
    RTC_Alarm_IRQHandler                     0x080001b3   Thumb Code     0  startup_stm32f103xb.o(.text)
    RTC_IRQHandler                           0x080001b3   Thumb Code     0  startup_stm32f103xb.o(.text)
    SPI1_IRQHandler                          0x080001b3   Thumb Code     0  startup_stm32f103xb.o(.text)
    SPI2_IRQHandler                          0x080001b3   Thumb Code     0  startup_stm32f103xb.o(.text)
    TAMPER_IRQHandler                        0x080001b3   Thumb Code     0  startup_stm32f103xb.o(.text)
    TIM1_BRK_IRQHandler                      0x080001b3   Thumb Code     0  startup_stm32f103xb.o(.text)
    TIM1_TRG_COM_IRQHandler                  0x080001b3   Thumb Code     0  startup_stm32f103xb.o(.text)
    TIM1_UP_IRQHandler                       0x080001b3   Thumb Code     0  startup_stm32f103xb.o(.text)
    TIM3_IRQHandler                          0x080001b3   Thumb Code     0  startup_stm32f103xb.o(.text)
    USART2_IRQHandler                        0x080001b3   Thumb Code     0  startup_stm32f103xb.o(.text)
    USART3_IRQHandler                        0x080001b3   Thumb Code     0  startup_stm32f103xb.o(.text)
    USBWakeUp_IRQHandler                     0x080001b3   Thumb Code     0  startup_stm32f103xb.o(.text)
    USB_HP_CAN1_TX_IRQHandler                0x080001b3   Thumb Code     0  startup_stm32f103xb.o(.text)
    USB_LP_CAN1_RX0_IRQHandler               0x080001b3   Thumb Code     0  startup_stm32f103xb.o(.text)
    WWDG_IRQHandler                          0x080001b3   Thumb Code     0  startup_stm32f103xb.o(.text)
    __aeabi_memcpy                           0x080001bd   Thumb Code    36  memcpya.o(.text)
    __aeabi_memcpy4                          0x080001bd   Thumb Code     0  memcpya.o(.text)
    __aeabi_memcpy8                          0x080001bd   Thumb Code     0  memcpya.o(.text)
    strlen                                   0x080001e1   Thumb Code    14  strlen.o(.text)
    __aeabi_uidiv                            0x080001ef   Thumb Code     0  uidiv.o(.text)
    __aeabi_uidivmod                         0x080001ef   Thumb Code    44  uidiv.o(.text)
    __scatterload                            0x0800021d   Thumb Code    28  init.o(.text)
    __scatterload_rt2                        0x0800021d   Thumb Code     0  init.o(.text)
    BusFault_Handler                         0x08000241   Thumb Code     2  stm32f1xx_it.o(i.BusFault_Handler)
    Callback01                               0x08000245   Thumb Code   282  main.o(i.Callback01)
    DebugMon_Handler                         0x08000391   Thumb Code     2  stm32f1xx_it.o(i.DebugMon_Handler)
    HAL_DMA_Abort_IT                         0x08000395   Thumb Code   148  stm32f1xx_hal_dma.o(i.HAL_DMA_Abort_IT)
    HAL_Delay                                0x0800042d   Thumb Code    32  stm32f1xx_hal.o(i.HAL_Delay)
    HAL_GPIO_Init                            0x08000451   Thumb Code   408  stm32f1xx_hal_gpio.o(i.HAL_GPIO_Init)
    HAL_GPIO_WritePin                        0x0800060d   Thumb Code    10  stm32f1xx_hal_gpio.o(i.HAL_GPIO_WritePin)
    HAL_GetTick                              0x08000619   Thumb Code     6  stm32f1xx_hal.o(i.HAL_GetTick)
    HAL_IncTick                              0x08000625   Thumb Code    12  stm32f1xx_hal.o(i.HAL_IncTick)
    HAL_Init                                 0x08000635   Thumb Code    32  stm32f1xx_hal.o(i.HAL_Init)
    HAL_InitTick                             0x08000659   Thumb Code   100  stm32f1xx_hal_timebase_tim.o(i.HAL_InitTick)
    HAL_MspInit                              0x080006cd   Thumb Code   134  stm32f1xx_hal_msp.o(i.HAL_MspInit)
    HAL_NVIC_EnableIRQ                       0x0800075d   Thumb Code    22  stm32f1xx_hal_cortex.o(i.HAL_NVIC_EnableIRQ)
    HAL_NVIC_SetPriority                     0x08000775   Thumb Code    60  stm32f1xx_hal_cortex.o(i.HAL_NVIC_SetPriority)
    HAL_NVIC_SetPriorityGrouping             0x080007b5   Thumb Code    26  stm32f1xx_hal_cortex.o(i.HAL_NVIC_SetPriorityGrouping)
    HAL_RCC_ClockConfig                      0x080007d9   Thumb Code   322  stm32f1xx_hal_rcc.o(i.HAL_RCC_ClockConfig)
    HAL_RCC_GetClockConfig                   0x0800092d   Thumb Code    54  stm32f1xx_hal_rcc.o(i.HAL_RCC_GetClockConfig)
    HAL_RCC_GetHCLKFreq                      0x0800096d   Thumb Code     6  stm32f1xx_hal_rcc.o(i.HAL_RCC_GetHCLKFreq)
    HAL_RCC_GetPCLK1Freq                     0x08000979   Thumb Code    20  stm32f1xx_hal_rcc.o(i.HAL_RCC_GetPCLK1Freq)
    HAL_RCC_GetPCLK2Freq                     0x08000999   Thumb Code    20  stm32f1xx_hal_rcc.o(i.HAL_RCC_GetPCLK2Freq)
    HAL_RCC_GetSysClockFreq                  0x080009b9   Thumb Code    74  stm32f1xx_hal_rcc.o(i.HAL_RCC_GetSysClockFreq)
    HAL_RCC_OscConfig                        0x08000a25   Thumb Code   750  stm32f1xx_hal_rcc.o(i.HAL_RCC_OscConfig)
    HAL_SYSTICK_CLKSourceConfig              0x08000d29   Thumb Code    24  stm32f1xx_hal_cortex.o(i.HAL_SYSTICK_CLKSourceConfig)
    HAL_SYSTICK_Config                       0x08000d41   Thumb Code    40  stm32f1xx_hal_cortex.o(i.HAL_SYSTICK_Config)
    HAL_TIMEx_BreakCallback                  0x08000d69   Thumb Code     2  stm32f1xx_hal_tim_ex.o(i.HAL_TIMEx_BreakCallback)
    HAL_TIMEx_CommutationCallback            0x08000d6b   Thumb Code     2  stm32f1xx_hal_tim_ex.o(i.HAL_TIMEx_CommutationCallback)
    HAL_TIMEx_MasterConfigSynchronization    0x08000d6d   Thumb Code    80  stm32f1xx_hal_tim_ex.o(i.HAL_TIMEx_MasterConfigSynchronization)
    HAL_TIM_Base_Init                        0x08000dbd   Thumb Code    54  stm32f1xx_hal_tim.o(i.HAL_TIM_Base_Init)
    HAL_TIM_Base_MspInit                     0x08000df5   Thumb Code   104  stm32f1xx_hal_msp.o(i.HAL_TIM_Base_MspInit)
    HAL_TIM_Base_Start_IT                    0x08000e69   Thumb Code    24  stm32f1xx_hal_tim.o(i.HAL_TIM_Base_Start_IT)
    HAL_TIM_ConfigClockSource                0x08000e81   Thumb Code   242  stm32f1xx_hal_tim.o(i.HAL_TIM_ConfigClockSource)
    HAL_TIM_IC_CaptureCallback               0x08000f75   Thumb Code   198  main.o(i.HAL_TIM_IC_CaptureCallback)
    HAL_TIM_IC_ConfigChannel                 0x08001061   Thumb Code   282  stm32f1xx_hal_tim.o(i.HAL_TIM_IC_ConfigChannel)
    HAL_TIM_IC_Init                          0x0800117b   Thumb Code    54  stm32f1xx_hal_tim.o(i.HAL_TIM_IC_Init)
    HAL_TIM_IC_MspInit                       0x080011b1   Thumb Code     2  stm32f1xx_hal_tim.o(i.HAL_TIM_IC_MspInit)
    HAL_TIM_IC_Start_IT                      0x080011b3   Thumb Code    76  stm32f1xx_hal_tim.o(i.HAL_TIM_IC_Start_IT)
    HAL_TIM_IC_Stop_IT                       0x080011ff   Thumb Code    94  stm32f1xx_hal_tim.o(i.HAL_TIM_IC_Stop_IT)
    HAL_TIM_IRQHandler                       0x0800125d   Thumb Code   358  stm32f1xx_hal_tim.o(i.HAL_TIM_IRQHandler)
    HAL_TIM_MspPostInit                      0x080013c5   Thumb Code    30  stm32f1xx_hal_msp.o(i.HAL_TIM_MspPostInit)
    HAL_TIM_OC_ConfigChannel                 0x080013e9   Thumb Code    86  stm32f1xx_hal_tim.o(i.HAL_TIM_OC_ConfigChannel)
    HAL_TIM_OC_DelayElapsedCallback          0x08001441   Thumb Code    40  main.o(i.HAL_TIM_OC_DelayElapsedCallback)
    HAL_TIM_OC_Init                          0x08001475   Thumb Code    54  stm32f1xx_hal_tim.o(i.HAL_TIM_OC_Init)
    HAL_TIM_OC_MspInit                       0x080014ab   Thumb Code     2  stm32f1xx_hal_tim.o(i.HAL_TIM_OC_MspInit)
    HAL_TIM_OC_Start_IT                      0x080014ad   Thumb Code    92  stm32f1xx_hal_tim.o(i.HAL_TIM_OC_Start_IT)
    HAL_TIM_OC_Stop_IT                       0x0800150d   Thumb Code   122  stm32f1xx_hal_tim.o(i.HAL_TIM_OC_Stop_IT)
    HAL_TIM_PWM_PulseFinishedCallback        0x0800158d   Thumb Code     2  stm32f1xx_hal_tim.o(i.HAL_TIM_PWM_PulseFinishedCallback)
    HAL_TIM_PeriodElapsedCallback            0x08001591   Thumb Code    14  main.o(i.HAL_TIM_PeriodElapsedCallback)
    HAL_TIM_ReadCapturedValue                0x080015a5   Thumb Code    68  stm32f1xx_hal_tim.o(i.HAL_TIM_ReadCapturedValue)
    HAL_TIM_SlaveConfigSynchronization       0x080015e9   Thumb Code    66  stm32f1xx_hal_tim.o(i.HAL_TIM_SlaveConfigSynchronization)
    HAL_TIM_TriggerCallback                  0x0800162b   Thumb Code     2  stm32f1xx_hal_tim.o(i.HAL_TIM_TriggerCallback)
    HAL_UART_ErrorCallback                   0x0800162d   Thumb Code     2  stm32f1xx_hal_uart.o(i.HAL_UART_ErrorCallback)
    HAL_UART_IRQHandler                      0x08001631   Thumb Code   266  stm32f1xx_hal_uart.o(i.HAL_UART_IRQHandler)
    HAL_UART_Init                            0x08001741   Thumb Code    98  stm32f1xx_hal_uart.o(i.HAL_UART_Init)
    HAL_UART_MspInit                         0x080017a5   Thumb Code   104  stm32f1xx_hal_msp.o(i.HAL_UART_MspInit)
    HAL_UART_Receive_IT                      0x0800181d   Thumb Code    82  stm32f1xx_hal_uart.o(i.HAL_UART_Receive_IT)
    HAL_UART_RxCpltCallback                  0x08001871   Thumb Code   134  main.o(i.HAL_UART_RxCpltCallback)
    HAL_UART_Transmit                        0x08001905   Thumb Code   186  stm32f1xx_hal_uart.o(i.HAL_UART_Transmit)
    HAL_UART_TxCpltCallback                  0x080019bf   Thumb Code     2  stm32f1xx_hal_uart.o(i.HAL_UART_TxCpltCallback)
    HardFault_Handler                        0x080019c1   Thumb Code     2  stm32f1xx_it.o(i.HardFault_Handler)
    MemManage_Handler                        0x08001b71   Thumb Code     2  stm32f1xx_it.o(i.MemManage_Handler)
    NMI_Handler                              0x08001b73   Thumb Code     2  stm32f1xx_it.o(i.NMI_Handler)
    RF_LEARN                                 0x08001b95   Thumb Code   124  rf.o(i.RF_LEARN)
    StartDefaultTask                         0x08001c35   Thumb Code     8  main.o(i.StartDefaultTask)
    StartTask02                              0x08001c3d   Thumb Code   224  main.o(i.StartTask02)
    SysTick_Handler                          0x08001d35   Thumb Code     4  stm32f1xx_it.o(i.SysTick_Handler)
    SystemClock_Config                       0x08001d39   Thumb Code   104  main.o(i.SystemClock_Config)
    SystemInit                               0x08001da1   Thumb Code    56  system_stm32f1xx.o(i.SystemInit)
    TIM1_CC_IRQHandler                       0x08001de9   Thumb Code     6  stm32f1xx_it.o(i.TIM1_CC_IRQHandler)
    TIM2_IRQHandler                          0x08001df5   Thumb Code     6  stm32f1xx_it.o(i.TIM2_IRQHandler)
    TIM4_IRQHandler                          0x08001e01   Thumb Code     6  stm32f1xx_it.o(i.TIM4_IRQHandler)
    TIM_Base_SetConfig                       0x08001e0d   Thumb Code    94  stm32f1xx_hal_tim.o(i.TIM_Base_SetConfig)
    TIM_CCxChannelCmd                        0x08001e79   Thumb Code    22  stm32f1xx_hal_tim.o(i.TIM_CCxChannelCmd)
    TIM_OC2_SetConfig                        0x08001f05   Thumb Code    84  stm32f1xx_hal_tim.o(i.TIM_OC2_SetConfig)
    TIM_TI1_SetConfig                        0x08002099   Thumb Code    76  stm32f1xx_hal_tim.o(i.TIM_TI1_SetConfig)
    USART1_IRQHandler                        0x08002445   Thumb Code     6  stm32f1xx_it.o(i.USART1_IRQHandler)
    UsageFault_Handler                       0x08002451   Thumb Code     2  stm32f1xx_it.o(i.UsageFault_Handler)
    __0sprintf$3                             0x08002455   Thumb Code    34  printf3.o(i.__0sprintf$3)
    __1sprintf$3                             0x08002455   Thumb Code     0  printf3.o(i.__0sprintf$3)
    __2sprintf                               0x08002455   Thumb Code     0  printf3.o(i.__0sprintf$3)
    __scatterload_copy                       0x0800247d   Thumb Code    14  handlers.o(i.__scatterload_copy)
    __scatterload_null                       0x0800248b   Thumb Code     2  handlers.o(i.__scatterload_null)
    __scatterload_zeroinit                   0x0800248d   Thumb Code    14  handlers.o(i.__scatterload_zeroinit)
    main                                     0x0800266d   Thumb Code   140  main.o(i.main)
    osDelay                                  0x08002715   Thumb Code    14  cmsis_os.o(i.osDelay)
    osKernelStart                            0x08002723   Thumb Code    10  cmsis_os.o(i.osKernelStart)
    osSignalSet                              0x0800272d   Thumb Code    86  cmsis_os.o(i.osSignalSet)
    osSignalWait                             0x08002789   Thumb Code    86  cmsis_os.o(i.osSignalWait)
    osSystickHandler                         0x080027df   Thumb Code    20  cmsis_os.o(i.osSystickHandler)
    osThreadCreate                           0x080027f3   Thumb Code    46  cmsis_os.o(i.osThreadCreate)
    osTimerCreate                            0x08002821   Thumb Code    30  cmsis_os.o(i.osTimerCreate)
    osTimerStart                             0x08002845   Thumb Code    88  cmsis_os.o(i.osTimerStart)
    osTimerStop                              0x080028a1   Thumb Code    82  cmsis_os.o(i.osTimerStop)
    pvPortMalloc                             0x08002ff9   Thumb Code   210  heap_4.o(i.pvPortMalloc)
    pvTaskIncrementMutexHeldCount            0x080030d1   Thumb Code    18  tasks.o(i.pvTaskIncrementMutexHeldCount)
    pxPortInitialiseStack                    0x080030e9   Thumb Code    32  port.o(i.pxPortInitialiseStack)
    uxListRemove                             0x0800310d   Thumb Code    36  list.o(i.uxListRemove)
    vListInitialise                          0x08003131   Thumb Code    22  list.o(i.vListInitialise)
    vListInitialiseItem                      0x08003147   Thumb Code     6  list.o(i.vListInitialiseItem)
    vListInsert                              0x0800314d   Thumb Code    48  list.o(i.vListInsert)
    vListInsertEnd                           0x0800317d   Thumb Code    24  list.o(i.vListInsertEnd)
    vPortEnterCritical                       0x08003195   Thumb Code    54  port.o(i.vPortEnterCritical)
    vPortExitCritical                        0x080031d5   Thumb Code    34  port.o(i.vPortExitCritical)
    vPortFree                                0x080031fd   Thumb Code    88  heap_4.o(i.vPortFree)
    vPortSetupTimerInterrupt                 0x08003259   Thumb Code    26  port.o(i.vPortSetupTimerInterrupt)
    vPortValidateInterruptPriority           0x08003279   Thumb Code    74  port.o(i.vPortValidateInterruptPriority)
    vQueueAddToRegistry                      0x080032cd   Thumb Code    34  queue.o(i.vQueueAddToRegistry)
    vQueueWaitForMessageRestricted           0x080032f5   Thumb Code    68  queue.o(i.vQueueWaitForMessageRestricted)
    vTaskDelay                               0x08003339   Thumb Code    66  tasks.o(i.vTaskDelay)
    vTaskMissedYield                         0x08003385   Thumb Code     8  tasks.o(i.vTaskMissedYield)
    vTaskPlaceOnEventList                    0x08003391   Thumb Code    44  tasks.o(i.vTaskPlaceOnEventList)
    vTaskPlaceOnEventListRestricted          0x080033c1   Thumb Code    52  tasks.o(i.vTaskPlaceOnEventListRestricted)
    vTaskPriorityInherit                     0x080033f9   Thumb Code   124  tasks.o(i.vTaskPriorityInherit)
    vTaskSetTimeOutState                     0x0800347d   Thumb Code    30  tasks.o(i.vTaskSetTimeOutState)
    vTaskStartScheduler                      0x080034a1   Thumb Code    94  tasks.o(i.vTaskStartScheduler)
    vTaskSuspendAll                          0x08003511   Thumb Code    10  tasks.o(i.vTaskSuspendAll)
    vTaskSwitchContext                       0x08003521   Thumb Code    82  tasks.o(i.vTaskSwitchContext)
    xPortStartScheduler                      0x0800357d   Thumb Code   102  port.o(i.xPortStartScheduler)
    xPortSysTickHandler                      0x080035f1   Thumb Code    38  port.o(i.xPortSysTickHandler)
    xQueueGenericCreate                      0x0800361d   Thumb Code    72  queue.o(i.xQueueGenericCreate)
    xQueueGenericReceive                     0x08003665   Thumb Code   360  queue.o(i.xQueueGenericReceive)
    xQueueGenericReset                       0x080037d1   Thumb Code   132  queue.o(i.xQueueGenericReset)
    xQueueGenericSend                        0x08003859   Thumb Code   346  queue.o(i.xQueueGenericSend)
    xQueueGenericSendFromISR                 0x080039b9   Thumb Code   188  queue.o(i.xQueueGenericSendFromISR)
    xTaskCheckForTimeOut                     0x08003a75   Thumb Code   102  tasks.o(i.xTaskCheckForTimeOut)
    xTaskCreate                              0x08003ae1   Thumb Code    86  tasks.o(i.xTaskCreate)
    xTaskGenericNotify                       0x08003b39   Thumb Code   190  tasks.o(i.xTaskGenericNotify)
    xTaskGenericNotifyFromISR                0x08003c05   Thumb Code   232  tasks.o(i.xTaskGenericNotifyFromISR)
    xTaskGetSchedulerState                   0x08003cf5   Thumb Code    22  tasks.o(i.xTaskGetSchedulerState)
    xTaskGetTickCount                        0x08003d11   Thumb Code     6  tasks.o(i.xTaskGetTickCount)
    xTaskIncrementTick                       0x08003d1d   Thumb Code   192  tasks.o(i.xTaskIncrementTick)
    xTaskNotifyWait                          0x08003de5   Thumb Code   130  tasks.o(i.xTaskNotifyWait)
    xTaskPriorityDisinherit                  0x08003e71   Thumb Code   144  tasks.o(i.xTaskPriorityDisinherit)
    xTaskRemoveFromEventList                 0x08003f09   Thumb Code   108  tasks.o(i.xTaskRemoveFromEventList)
    xTaskResumeAll                           0x08003f7d   Thumb Code   182  tasks.o(i.xTaskResumeAll)
    xTimerCreate                             0x08004041   Thumb Code    78  timers.o(i.xTimerCreate)
    xTimerCreateTimerTask                    0x08004091   Thumb Code    58  timers.o(i.xTimerCreateTimerTask)
    xTimerGenericCommand                     0x080040dd   Thumb Code    92  timers.o(i.xTimerGenericCommand)
    AHBPrescTable                            0x08004168   Data          16  system_stm32f1xx.o(.constdata)
    APBPrescTable                            0x08004178   Data           8  system_stm32f1xx.o(.constdata)
    Region$$Table$$Base                      0x08004198   Number         0  anon$$obj.o(Region$$Table)
    Region$$Table$$Limit                     0x080041b8   Number         0  anon$$obj.o(Region$$Table)
    start_Recive                             0x20000000   Data           1  main.o(.data)
    RF_status                                0x20000001   Data           1  main.o(.data)
    data_uart                                0x20000002   Data           1  main.o(.data)
    TimeOut_Recive                           0x20000004   Data           4  main.o(.data)
    j                                        0x20000008   Data           4  main.o(.data)
    MainTaskHandle                           0x2000000c   Data           4  main.o(.data)
    UartTaskHandle                           0x20000010   Data           4  main.o(.data)
    myTimer01Handle                          0x20000014   Data           4  main.o(.data)
    uart_signal                              0x20000018   Data           4  main.o(.data)
    uwTickFreq                               0x2000001c   Data           1  stm32f1xx_hal.o(.data)
    uwTickPrio                               0x20000020   Data           4  stm32f1xx_hal.o(.data)
    uwTick                                   0x20000024   Data           4  stm32f1xx_hal.o(.data)
    SystemCoreClock                          0x20000028   Data           4  system_stm32f1xx.o(.data)
    pxCurrentTCB                             0x20000050   Data           4  tasks.o(.data)
    htim1                                    0x200000a0   Data          64  main.o(.bss)
    htim2                                    0x200000e0   Data          64  main.o(.bss)
    huart1                                   0x20000120   Data          64  main.o(.bss)
    str                                      0x20000160   Data         100  main.o(.bss)
    uart_BUF                                 0x200001c4   Data         130  main.o(.bss)
    RF_pck                                   0x20000246   Data         130  main.o(.bss)
    htim4                                    0x200002c8   Data          64  stm32f1xx_hal_timebase_tim.o(.bss)
    xQueueRegistry                           0x2000123c   Data          64  queue.o(.bss)
    __initial_sp                             0x20001798   Data           0  startup_stm32f103xb.o(STACK)



==============================================================================

Memory Map of the image

  Image Entry point : 0x080000ed

  Load Region LR_IROM1 (Base: 0x08000000, Size: 0x00004258, Max: 0x00010000, ABSOLUTE)

    Execution Region ER_IROM1 (Exec base: 0x08000000, Load base: 0x08000000, Size: 0x000041b8, Max: 0x00010000, ABSOLUTE)

    Exec Addr    Load Addr    Size         Type   Attr      Idx    E Section Name        Object

    0x08000000   0x08000000   0x000000ec   Data   RO            3    RESET               startup_stm32f103xb.o
    0x080000ec   0x080000ec   0x00000000   Code   RO         3817  * .ARM.Collect$$$$00000000  mc_w.l(entry.o)
    0x080000ec   0x080000ec   0x00000004   Code   RO         4089    .ARM.Collect$$$$00000001  mc_w.l(entry2.o)
    0x080000f0   0x080000f0   0x00000004   Code   RO         4092    .ARM.Collect$$$$00000004  mc_w.l(entry5.o)
    0x080000f4   0x080000f4   0x00000000   Code   RO         4094    .ARM.Collect$$$$00000008  mc_w.l(entry7b.o)
    0x080000f4   0x080000f4   0x00000000   Code   RO         4096    .ARM.Collect$$$$0000000A  mc_w.l(entry8b.o)
    0x080000f4   0x080000f4   0x00000008   Code   RO         4097    .ARM.Collect$$$$0000000B  mc_w.l(entry9a.o)
    0x080000fc   0x080000fc   0x00000000   Code   RO         4099    .ARM.Collect$$$$0000000D  mc_w.l(entry10a.o)
    0x080000fc   0x080000fc   0x00000000   Code   RO         4101    .ARM.Collect$$$$0000000F  mc_w.l(entry11a.o)
    0x080000fc   0x080000fc   0x00000004   Code   RO         4090    .ARM.Collect$$$$00002712  mc_w.l(entry2.o)
    0x08000100   0x08000100   0x00000096   Code   RO         2702    .emb_text           port.o
    0x08000196   0x08000196   0x00000002   PAD
    0x08000198   0x08000198   0x00000024   Code   RO            4    .text               startup_stm32f103xb.o
    0x080001bc   0x080001bc   0x00000024   Code   RO         3822    .text               mc_w.l(memcpya.o)
    0x080001e0   0x080001e0   0x0000000e   Code   RO         3824    .text               mc_w.l(strlen.o)
    0x080001ee   0x080001ee   0x0000002c   Code   RO         4106    .text               mc_w.l(uidiv.o)
    0x0800021a   0x0800021a   0x00000002   PAD
    0x0800021c   0x0800021c   0x00000024   Code   RO         4121    .text               mc_w.l(init.o)
    0x08000240   0x08000240   0x00000002   Code   RO          301    i.BusFault_Handler  stm32f1xx_it.o
    0x08000242   0x08000242   0x00000002   PAD
    0x08000244   0x08000244   0x0000014c   Code   RO          177    i.Callback01        main.o
    0x08000390   0x08000390   0x00000002   Code   RO          302    i.DebugMon_Handler  stm32f1xx_it.o
    0x08000392   0x08000392   0x00000002   PAD
    0x08000394   0x08000394   0x00000098   Code   RO         2074    i.HAL_DMA_Abort_IT  stm32f1xx_hal_dma.o
    0x0800042c   0x0800042c   0x00000024   Code   RO         1716    i.HAL_Delay         stm32f1xx_hal.o
    0x08000450   0x08000450   0x000001bc   Code   RO         2009    i.HAL_GPIO_Init     stm32f1xx_hal_gpio.o
    0x0800060c   0x0800060c   0x0000000a   Code   RO         2013    i.HAL_GPIO_WritePin  stm32f1xx_hal_gpio.o
    0x08000616   0x08000616   0x00000002   PAD
    0x08000618   0x08000618   0x0000000c   Code   RO         1720    i.HAL_GetTick       stm32f1xx_hal.o
    0x08000624   0x08000624   0x00000010   Code   RO         1724    i.HAL_IncTick       stm32f1xx_hal.o
    0x08000634   0x08000634   0x00000024   Code   RO         1725    i.HAL_Init          stm32f1xx_hal.o
    0x08000658   0x08000658   0x00000074   Code   RO          443    i.HAL_InitTick      stm32f1xx_hal_timebase_tim.o
    0x080006cc   0x080006cc   0x00000090   Code   RO          389    i.HAL_MspInit       stm32f1xx_hal_msp.o
    0x0800075c   0x0800075c   0x00000016   Code   RO         2169    i.HAL_NVIC_EnableIRQ  stm32f1xx_hal_cortex.o
    0x08000772   0x08000772   0x00000002   PAD
    0x08000774   0x08000774   0x00000040   Code   RO         2175    i.HAL_NVIC_SetPriority  stm32f1xx_hal_cortex.o
    0x080007b4   0x080007b4   0x00000024   Code   RO         2176    i.HAL_NVIC_SetPriorityGrouping  stm32f1xx_hal_cortex.o
    0x080007d8   0x080007d8   0x00000154   Code   RO         1869    i.HAL_RCC_ClockConfig  stm32f1xx_hal_rcc.o
    0x0800092c   0x0800092c   0x00000040   Code   RO         1873    i.HAL_RCC_GetClockConfig  stm32f1xx_hal_rcc.o
    0x0800096c   0x0800096c   0x0000000c   Code   RO         1874    i.HAL_RCC_GetHCLKFreq  stm32f1xx_hal_rcc.o
    0x08000978   0x08000978   0x00000020   Code   RO         1876    i.HAL_RCC_GetPCLK1Freq  stm32f1xx_hal_rcc.o
    0x08000998   0x08000998   0x00000020   Code   RO         1877    i.HAL_RCC_GetPCLK2Freq  stm32f1xx_hal_rcc.o
    0x080009b8   0x080009b8   0x0000006c   Code   RO         1878    i.HAL_RCC_GetSysClockFreq  stm32f1xx_hal_rcc.o
    0x08000a24   0x08000a24   0x00000304   Code   RO         1881    i.HAL_RCC_OscConfig  stm32f1xx_hal_rcc.o
    0x08000d28   0x08000d28   0x00000018   Code   RO         2178    i.HAL_SYSTICK_CLKSourceConfig  stm32f1xx_hal_cortex.o
    0x08000d40   0x08000d40   0x00000028   Code   RO         2180    i.HAL_SYSTICK_Config  stm32f1xx_hal_cortex.o
    0x08000d68   0x08000d68   0x00000002   Code   RO         1150    i.HAL_TIMEx_BreakCallback  stm32f1xx_hal_tim_ex.o
    0x08000d6a   0x08000d6a   0x00000002   Code   RO         1151    i.HAL_TIMEx_CommutationCallback  stm32f1xx_hal_tim_ex.o
    0x08000d6c   0x08000d6c   0x00000050   Code   RO         1167    i.HAL_TIMEx_MasterConfigSynchronization  stm32f1xx_hal_tim_ex.o
    0x08000dbc   0x08000dbc   0x00000036   Code   RO          521    i.HAL_TIM_Base_Init  stm32f1xx_hal_tim.o
    0x08000df2   0x08000df2   0x00000002   PAD
    0x08000df4   0x08000df4   0x00000074   Code   RO          391    i.HAL_TIM_Base_MspInit  stm32f1xx_hal_msp.o
    0x08000e68   0x08000e68   0x00000018   Code   RO          526    i.HAL_TIM_Base_Start_IT  stm32f1xx_hal_tim.o
    0x08000e80   0x08000e80   0x000000f2   Code   RO          530    i.HAL_TIM_ConfigClockSource  stm32f1xx_hal_tim.o
    0x08000f72   0x08000f72   0x00000002   PAD
    0x08000f74   0x08000f74   0x000000ec   Code   RO          178    i.HAL_TIM_IC_CaptureCallback  main.o
    0x08001060   0x08001060   0x0000011a   Code   RO          551    i.HAL_TIM_IC_ConfigChannel  stm32f1xx_hal_tim.o
    0x0800117a   0x0800117a   0x00000036   Code   RO          554    i.HAL_TIM_IC_Init   stm32f1xx_hal_tim.o
    0x080011b0   0x080011b0   0x00000002   Code   RO          556    i.HAL_TIM_IC_MspInit  stm32f1xx_hal_tim.o
    0x080011b2   0x080011b2   0x0000004c   Code   RO          559    i.HAL_TIM_IC_Start_IT  stm32f1xx_hal_tim.o
    0x080011fe   0x080011fe   0x0000005e   Code   RO          562    i.HAL_TIM_IC_Stop_IT  stm32f1xx_hal_tim.o
    0x0800125c   0x0800125c   0x00000166   Code   RO          563    i.HAL_TIM_IRQHandler  stm32f1xx_hal_tim.o
    0x080013c2   0x080013c2   0x00000002   PAD
    0x080013c4   0x080013c4   0x00000024   Code   RO          392    i.HAL_TIM_MspPostInit  stm32f1xx_hal_msp.o
    0x080013e8   0x080013e8   0x00000056   Code   RO          564    i.HAL_TIM_OC_ConfigChannel  stm32f1xx_hal_tim.o
    0x0800143e   0x0800143e   0x00000002   PAD
    0x08001440   0x08001440   0x00000034   Code   RO          179    i.HAL_TIM_OC_DelayElapsedCallback  main.o
    0x08001474   0x08001474   0x00000036   Code   RO          568    i.HAL_TIM_OC_Init   stm32f1xx_hal_tim.o
    0x080014aa   0x080014aa   0x00000002   Code   RO          570    i.HAL_TIM_OC_MspInit  stm32f1xx_hal_tim.o
    0x080014ac   0x080014ac   0x00000060   Code   RO          573    i.HAL_TIM_OC_Start_IT  stm32f1xx_hal_tim.o
    0x0800150c   0x0800150c   0x00000080   Code   RO          576    i.HAL_TIM_OC_Stop_IT  stm32f1xx_hal_tim.o
    0x0800158c   0x0800158c   0x00000002   Code   RO          593    i.HAL_TIM_PWM_PulseFinishedCallback  stm32f1xx_hal_tim.o
    0x0800158e   0x0800158e   0x00000002   PAD
    0x08001590   0x08001590   0x00000014   Code   RO          180    i.HAL_TIM_PeriodElapsedCallback  main.o
    0x080015a4   0x080015a4   0x00000044   Code   RO          601    i.HAL_TIM_ReadCapturedValue  stm32f1xx_hal_tim.o
    0x080015e8   0x080015e8   0x00000042   Code   RO          602    i.HAL_TIM_SlaveConfigSynchronization  stm32f1xx_hal_tim.o
    0x0800162a   0x0800162a   0x00000002   Code   RO          604    i.HAL_TIM_TriggerCallback  stm32f1xx_hal_tim.o
    0x0800162c   0x0800162c   0x00000002   Code   RO         1404    i.HAL_UART_ErrorCallback  stm32f1xx_hal_uart.o
    0x0800162e   0x0800162e   0x00000002   PAD
    0x08001630   0x08001630   0x00000110   Code   RO         1407    i.HAL_UART_IRQHandler  stm32f1xx_hal_uart.o
    0x08001740   0x08001740   0x00000062   Code   RO         1408    i.HAL_UART_Init     stm32f1xx_hal_uart.o
    0x080017a2   0x080017a2   0x00000002   PAD
    0x080017a4   0x080017a4   0x00000078   Code   RO          394    i.HAL_UART_MspInit  stm32f1xx_hal_msp.o
    0x0800181c   0x0800181c   0x00000052   Code   RO         1413    i.HAL_UART_Receive_IT  stm32f1xx_hal_uart.o
    0x0800186e   0x0800186e   0x00000002   PAD
    0x08001870   0x08001870   0x00000094   Code   RO          181    i.HAL_UART_RxCpltCallback  main.o
    0x08001904   0x08001904   0x000000ba   Code   RO         1416    i.HAL_UART_Transmit  stm32f1xx_hal_uart.o
    0x080019be   0x080019be   0x00000002   Code   RO         1419    i.HAL_UART_TxCpltCallback  stm32f1xx_hal_uart.o
    0x080019c0   0x080019c0   0x00000002   Code   RO          303    i.HardFault_Handler  stm32f1xx_it.o
    0x080019c2   0x080019c2   0x00000002   PAD
    0x080019c4   0x080019c4   0x00000078   Code   RO          182    i.MX_GPIO_Init      main.o
    0x08001a3c   0x08001a3c   0x000000b0   Code   RO          183    i.MX_TIM1_Init      main.o
    0x08001aec   0x08001aec   0x00000084   Code   RO          184    i.MX_TIM2_Init      main.o
    0x08001b70   0x08001b70   0x00000002   Code   RO          304    i.MemManage_Handler  stm32f1xx_it.o
    0x08001b72   0x08001b72   0x00000002   Code   RO          305    i.NMI_Handler       stm32f1xx_it.o
    0x08001b74   0x08001b74   0x00000020   Code   RO         2182    i.NVIC_SetPriority  stm32f1xx_hal_cortex.o
    0x08001b94   0x08001b94   0x000000a0   Code   RO           13    i.RF_LEARN          rf.o
    0x08001c34   0x08001c34   0x00000008   Code   RO          185    i.StartDefaultTask  main.o
    0x08001c3c   0x08001c3c   0x000000f8   Code   RO          186    i.StartTask02       main.o
    0x08001d34   0x08001d34   0x00000004   Code   RO          306    i.SysTick_Handler   stm32f1xx_it.o
    0x08001d38   0x08001d38   0x00000068   Code   RO          187    i.SystemClock_Config  main.o
    0x08001da0   0x08001da0   0x00000048   Code   RO         2598    i.SystemInit        system_stm32f1xx.o
    0x08001de8   0x08001de8   0x0000000c   Code   RO          307    i.TIM1_CC_IRQHandler  stm32f1xx_it.o
    0x08001df4   0x08001df4   0x0000000c   Code   RO          308    i.TIM2_IRQHandler   stm32f1xx_it.o
    0x08001e00   0x08001e00   0x0000000c   Code   RO          309    i.TIM4_IRQHandler   stm32f1xx_it.o
    0x08001e0c   0x08001e0c   0x0000006c   Code   RO          605    i.TIM_Base_SetConfig  stm32f1xx_hal_tim.o
    0x08001e78   0x08001e78   0x00000016   Code   RO          606    i.TIM_CCxChannelCmd  stm32f1xx_hal_tim.o
    0x08001e8e   0x08001e8e   0x00000014   Code   RO          612    i.TIM_ETR_SetConfig  stm32f1xx_hal_tim.o
    0x08001ea2   0x08001ea2   0x00000010   Code   RO          613    i.TIM_ITRx_SetConfig  stm32f1xx_hal_tim.o
    0x08001eb2   0x08001eb2   0x00000002   PAD
    0x08001eb4   0x08001eb4   0x00000050   Code   RO          614    i.TIM_OC1_SetConfig  stm32f1xx_hal_tim.o
    0x08001f04   0x08001f04   0x00000058   Code   RO          615    i.TIM_OC2_SetConfig  stm32f1xx_hal_tim.o
    0x08001f5c   0x08001f5c   0x00000058   Code   RO          616    i.TIM_OC3_SetConfig  stm32f1xx_hal_tim.o
    0x08001fb4   0x08001fb4   0x00000044   Code   RO          617    i.TIM_OC4_SetConfig  stm32f1xx_hal_tim.o
    0x08001ff8   0x08001ff8   0x0000007c   Code   RO          618    i.TIM_SlaveTimer_SetConfig  stm32f1xx_hal_tim.o
    0x08002074   0x08002074   0x00000022   Code   RO          619    i.TIM_TI1_ConfigInputStage  stm32f1xx_hal_tim.o
    0x08002096   0x08002096   0x00000002   PAD
    0x08002098   0x08002098   0x00000058   Code   RO          620    i.TIM_TI1_SetConfig  stm32f1xx_hal_tim.o
    0x080020f0   0x080020f0   0x00000024   Code   RO          621    i.TIM_TI2_ConfigInputStage  stm32f1xx_hal_tim.o
    0x08002114   0x08002114   0x00000036   Code   RO          622    i.TIM_TI2_SetConfig  stm32f1xx_hal_tim.o
    0x0800214a   0x0800214a   0x00000010   Code   RO         1421    i.UART_DMAAbortOnError  stm32f1xx_hal_uart.o
    0x0800215a   0x0800215a   0x0000001c   Code   RO         1431    i.UART_EndRxTransfer  stm32f1xx_hal_uart.o
    0x08002176   0x08002176   0x00000096   Code   RO         1433    i.UART_Receive_IT   stm32f1xx_hal_uart.o
    0x0800220c   0x0800220c   0x00000170   Code   RO         1434    i.UART_SetConfig    stm32f1xx_hal_uart.o
    0x0800237c   0x0800237c   0x00000062   Code   RO         1435    i.UART_Transmit_IT  stm32f1xx_hal_uart.o
    0x080023de   0x080023de   0x00000064   Code   RO         1436    i.UART_WaitOnFlagUntilTimeout  stm32f1xx_hal_uart.o
    0x08002442   0x08002442   0x00000002   PAD
    0x08002444   0x08002444   0x0000000c   Code   RO          310    i.USART1_IRQHandler  stm32f1xx_it.o
    0x08002450   0x08002450   0x00000002   Code   RO          311    i.UsageFault_Handler  stm32f1xx_it.o
    0x08002452   0x08002452   0x00000002   PAD
    0x08002454   0x08002454   0x00000028   Code   RO         3919    i.__0sprintf$3      mc_w.l(printf3.o)
    0x0800247c   0x0800247c   0x0000000e   Code   RO         4133    i.__scatterload_copy  mc_w.l(handlers.o)
    0x0800248a   0x0800248a   0x00000002   Code   RO         4134    i.__scatterload_null  mc_w.l(handlers.o)
    0x0800248c   0x0800248c   0x0000000e   Code   RO         4135    i.__scatterload_zeroinit  mc_w.l(handlers.o)
    0x0800249a   0x0800249a   0x00000002   PAD
    0x0800249c   0x0800249c   0x000001b8   Code   RO         3924    i._printf_core      mc_w.l(printf3.o)
    0x08002654   0x08002654   0x0000000a   Code   RO         3926    i._sputc            mc_w.l(printf3.o)
    0x0800265e   0x0800265e   0x0000000c   Code   RO         3442    i.inHandlerMode     cmsis_os.o
    0x0800266a   0x0800266a   0x00000002   PAD
    0x0800266c   0x0800266c   0x0000009c   Code   RO          189    i.main              main.o
    0x08002708   0x08002708   0x0000000c   Code   RO         3444    i.makeFreeRtosPriority  cmsis_os.o
    0x08002714   0x08002714   0x0000000e   Code   RO         3446    i.osDelay           cmsis_os.o
    0x08002722   0x08002722   0x0000000a   Code   RO         3449    i.osKernelStart     cmsis_os.o
    0x0800272c   0x0800272c   0x0000005c   Code   RO         3480    i.osSignalSet       cmsis_os.o
    0x08002788   0x08002788   0x00000056   Code   RO         3481    i.osSignalWait      cmsis_os.o
    0x080027de   0x080027de   0x00000014   Code   RO         3482    i.osSystickHandler  cmsis_os.o
    0x080027f2   0x080027f2   0x0000002e   Code   RO         3483    i.osThreadCreate    cmsis_os.o
    0x08002820   0x08002820   0x00000024   Code   RO         3494    i.osTimerCreate     cmsis_os.o
    0x08002844   0x08002844   0x0000005c   Code   RO         3496    i.osTimerStart      cmsis_os.o
    0x080028a0   0x080028a0   0x00000058   Code   RO         3497    i.osTimerStop       cmsis_os.o
    0x080028f8   0x080028f8   0x00000070   Code   RO         3051    i.prvAddCurrentTaskToDelayedList  tasks.o
    0x08002968   0x08002968   0x000000d0   Code   RO         3052    i.prvAddNewTaskToReadyList  tasks.o
    0x08002a38   0x08002a38   0x00000050   Code   RO         3337    i.prvCheckForValidListAndQueue  timers.o
    0x08002a88   0x08002a88   0x00000050   Code   RO         3053    i.prvCheckTasksWaitingTermination  tasks.o
    0x08002ad8   0x08002ad8   0x00000026   Code   RO         2905    i.prvCopyDataFromQueue  queue.o
    0x08002afe   0x08002afe   0x0000006c   Code   RO         2906    i.prvCopyDataToQueue  queue.o
    0x08002b6a   0x08002b6a   0x00000014   Code   RO         3054    i.prvDeleteTCB      tasks.o
    0x08002b7e   0x08002b7e   0x00000002   PAD
    0x08002b80   0x08002b80   0x00000048   Code   RO         2632    i.prvHeapInit       heap_4.o
    0x08002bc8   0x08002bc8   0x00000028   Code   RO         3055    i.prvIdleTask       tasks.o
    0x08002bf0   0x08002bf0   0x0000008e   Code   RO         3056    i.prvInitialiseNewTask  tasks.o
    0x08002c7e   0x08002c7e   0x00000002   PAD
    0x08002c80   0x08002c80   0x0000004c   Code   RO         2633    i.prvInsertBlockIntoFreeList  heap_4.o
    0x08002ccc   0x08002ccc   0x00000038   Code   RO         3338    i.prvInsertTimerInActiveList  timers.o
    0x08002d04   0x08002d04   0x0000001c   Code   RO         2907    i.prvIsQueueEmpty   queue.o
    0x08002d20   0x08002d20   0x000000b8   Code   RO         3339    i.prvProcessReceivedCommands  timers.o
    0x08002dd8   0x08002dd8   0x000000b4   Code   RO         3340    i.prvProcessTimerOrBlockTask  timers.o
    0x08002e8c   0x08002e8c   0x00000020   Code   RO         3057    i.prvResetNextTaskUnblockTime  tasks.o
    0x08002eac   0x08002eac   0x00000028   Code   RO         3341    i.prvSampleTimeNow  timers.o
    0x08002ed4   0x08002ed4   0x0000006c   Code   RO         3342    i.prvSwitchTimerLists  timers.o
    0x08002f40   0x08002f40   0x00000028   Code   RO         2703    i.prvTaskExitError  port.o
    0x08002f68   0x08002f68   0x00000024   Code   RO         3343    i.prvTimerTask      timers.o
    0x08002f8c   0x08002f8c   0x0000006a   Code   RO         2908    i.prvUnlockQueue    queue.o
    0x08002ff6   0x08002ff6   0x00000002   PAD
    0x08002ff8   0x08002ff8   0x000000d8   Code   RO         2634    i.pvPortMalloc      heap_4.o
    0x080030d0   0x080030d0   0x00000018   Code   RO         3059    i.pvTaskIncrementMutexHeldCount  tasks.o
    0x080030e8   0x080030e8   0x00000024   Code   RO         2704    i.pxPortInitialiseStack  port.o
    0x0800310c   0x0800310c   0x00000024   Code   RO         2868    i.uxListRemove      list.o
    0x08003130   0x08003130   0x00000016   Code   RO         2869    i.vListInitialise   list.o
    0x08003146   0x08003146   0x00000006   Code   RO         2870    i.vListInitialiseItem  list.o
    0x0800314c   0x0800314c   0x00000030   Code   RO         2871    i.vListInsert       list.o
    0x0800317c   0x0800317c   0x00000018   Code   RO         2872    i.vListInsertEnd    list.o
    0x08003194   0x08003194   0x00000040   Code   RO         2706    i.vPortEnterCritical  port.o
    0x080031d4   0x080031d4   0x00000028   Code   RO         2707    i.vPortExitCritical  port.o
    0x080031fc   0x080031fc   0x0000005c   Code   RO         2635    i.vPortFree         heap_4.o
    0x08003258   0x08003258   0x00000020   Code   RO         2708    i.vPortSetupTimerInterrupt  port.o
    0x08003278   0x08003278   0x00000054   Code   RO         2709    i.vPortValidateInterruptPriority  port.o
    0x080032cc   0x080032cc   0x00000028   Code   RO         2912    i.vQueueAddToRegistry  queue.o
    0x080032f4   0x080032f4   0x00000044   Code   RO         2915    i.vQueueWaitForMessageRestricted  queue.o
    0x08003338   0x08003338   0x0000004c   Code   RO         3065    i.vTaskDelay        tasks.o
    0x08003384   0x08003384   0x0000000c   Code   RO         3068    i.vTaskMissedYield  tasks.o
    0x08003390   0x08003390   0x00000030   Code   RO         3070    i.vTaskPlaceOnEventList  tasks.o
    0x080033c0   0x080033c0   0x00000038   Code   RO         3071    i.vTaskPlaceOnEventListRestricted  tasks.o
    0x080033f8   0x080033f8   0x00000084   Code   RO         3073    i.vTaskPriorityInherit  tasks.o
    0x0800347c   0x0800347c   0x00000024   Code   RO         3076    i.vTaskSetTimeOutState  tasks.o
    0x080034a0   0x080034a0   0x00000070   Code   RO         3077    i.vTaskStartScheduler  tasks.o
    0x08003510   0x08003510   0x00000010   Code   RO         3079    i.vTaskSuspendAll   tasks.o
    0x08003520   0x08003520   0x0000005c   Code   RO         3080    i.vTaskSwitchContext  tasks.o
    0x0800357c   0x0800357c   0x00000074   Code   RO         2710    i.xPortStartScheduler  port.o
    0x080035f0   0x080035f0   0x0000002c   Code   RO         2711    i.xPortSysTickHandler  port.o
    0x0800361c   0x0800361c   0x00000048   Code   RO         2917    i.xQueueGenericCreate  queue.o
    0x08003664   0x08003664   0x0000016c   Code   RO         2918    i.xQueueGenericReceive  queue.o
    0x080037d0   0x080037d0   0x00000088   Code   RO         2919    i.xQueueGenericReset  queue.o
    0x08003858   0x08003858   0x00000160   Code   RO         2920    i.xQueueGenericSend  queue.o
    0x080039b8   0x080039b8   0x000000bc   Code   RO         2921    i.xQueueGenericSendFromISR  queue.o
    0x08003a74   0x08003a74   0x0000006c   Code   RO         3081    i.xTaskCheckForTimeOut  tasks.o
    0x08003ae0   0x08003ae0   0x00000056   Code   RO         3082    i.xTaskCreate       tasks.o
    0x08003b36   0x08003b36   0x00000002   PAD
    0x08003b38   0x08003b38   0x000000cc   Code   RO         3083    i.xTaskGenericNotify  tasks.o
    0x08003c04   0x08003c04   0x000000f0   Code   RO         3084    i.xTaskGenericNotifyFromISR  tasks.o
    0x08003cf4   0x08003cf4   0x0000001c   Code   RO         3086    i.xTaskGetSchedulerState  tasks.o
    0x08003d10   0x08003d10   0x0000000c   Code   RO         3087    i.xTaskGetTickCount  tasks.o
    0x08003d1c   0x08003d1c   0x000000c8   Code   RO         3089    i.xTaskIncrementTick  tasks.o
    0x08003de4   0x08003de4   0x0000008c   Code   RO         3091    i.xTaskNotifyWait   tasks.o
    0x08003e70   0x08003e70   0x00000098   Code   RO         3092    i.xTaskPriorityDisinherit  tasks.o
    0x08003f08   0x08003f08   0x00000074   Code   RO         3093    i.xTaskRemoveFromEventList  tasks.o
    0x08003f7c   0x08003f7c   0x000000c4   Code   RO         3095    i.xTaskResumeAll    tasks.o
    0x08004040   0x08004040   0x0000004e   Code   RO         3346    i.xTimerCreate      timers.o
    0x0800408e   0x0800408e   0x00000002   PAD
    0x08004090   0x08004090   0x0000004c   Code   RO         3347    i.xTimerCreateTimerTask  timers.o
    0x080040dc   0x080040dc   0x00000060   Code   RO         3348    i.xTimerGenericCommand  timers.o
    0x0800413c   0x0800413c   0x0000002c   Data   RO          191    .constdata          main.o
    0x08004168   0x08004168   0x00000010   Data   RO         2599    .constdata          system_stm32f1xx.o
    0x08004178   0x08004178   0x00000008   Data   RO         2600    .constdata          system_stm32f1xx.o
    0x08004180   0x08004180   0x00000015   Data   RO          192    .conststring        main.o
    0x08004195   0x08004195   0x00000003   PAD
    0x08004198   0x08004198   0x00000020   Data   RO         4131    Region$$Table       anon$$obj.o


    Execution Region RW_IRAM1 (Exec base: 0x20000000, Load base: 0x080041b8, Size: 0x00001798, Max: 0x00005000, ABSOLUTE)

    Exec Addr    Load Addr    Size         Type   Attr      Idx    E Section Name        Object

    0x20000000   0x080041b8   0x0000001c   Data   RW          193    .data               main.o
    0x2000001c   0x080041d4   0x0000000c   Data   RW         1732    .data               stm32f1xx_hal.o
    0x20000028   0x080041e0   0x00000004   Data   RW         2601    .data               system_stm32f1xx.o
    0x2000002c   0x080041e4   0x00000018   Data   RW         2640    .data               heap_4.o
    0x20000044   0x080041fc   0x0000000c   Data   RW         2712    .data               port.o
    0x20000050   0x08004208   0x0000003c   Data   RW         3098    .data               tasks.o
    0x2000008c   0x08004244   0x00000014   Data   RW         3354    .data               timers.o
    0x200000a0        -       0x00000228   Zero   RW          190    .bss                main.o
    0x200002c8        -       0x00000040   Zero   RW          446    .bss                stm32f1xx_hal_timebase_tim.o
    0x20000308        -       0x00000f34   Zero   RW         2639    .bss                heap_4.o
    0x2000123c        -       0x00000040   Zero   RW         2927    .bss                queue.o
    0x2000127c        -       0x000000f0   Zero   RW         3097    .bss                tasks.o
    0x2000136c        -       0x00000028   Zero   RW         3353    .bss                timers.o
    0x20001394   0x08004258   0x00000004   PAD
    0x20001398        -       0x00000400   Zero   RW            1    STACK               startup_stm32f103xb.o


==============================================================================

Image component sizes


      Code (inc. data)   RO Data    RW Data    ZI Data      Debug   Object Name

       508         22          0          0          0      19162   cmsis_os.o
         0          0          0          0          0       8080   event_groups.o
       456         22          0         24       3892      14195   heap_4.o
       136          0          0          0          0       3370   list.o
      1732        180         65         28        552      13497   main.o
       606         72          0         12          0      10981   port.o
      1500         20          0          0         64      13725   queue.o
       160         36          0          0          0     449499   rf.o
        36          8        236          0       1024        800   startup_stm32f103xb.o
       100         18          0         12          0       3158   stm32f1xx_hal.o
       218         14          0          0          0      26317   stm32f1xx_hal_cortex.o
       152          4          0          0          0       1095   stm32f1xx_hal_dma.o
       454         36          0          0          0       2872   stm32f1xx_hal_gpio.o
       416         44          0          0          0       2842   stm32f1xx_hal_msp.o
      1360        114          0          0          0       6233   stm32f1xx_hal_rcc.o
      2516         64          0          0          0      22611   stm32f1xx_hal_tim.o
        84          0          0          0          0       2314   stm32f1xx_hal_tim_ex.o
       116         16          0          0         64       1436   stm32f1xx_hal_timebase_tim.o
      1402         10          0          0          0       9251   stm32f1xx_hal_uart.o
        64         24          0          0          0       4608   stm32f1xx_it.o
        72         16         24          4          0       1151   system_stm32f1xx.o
      2720        226          0         60        240      26822   tasks.o
       934         80          0         20         40      10650   timers.o

    ----------------------------------------------------------------------
     15790       1026        360        160       5880     654669   Object Totals
         0          0         32          0          0          0   (incl. Generated)
        48          0          3          0          4          0   (incl. Padding)

    ----------------------------------------------------------------------

      Code (inc. data)   RO Data    RW Data    ZI Data      Debug   Library Member Name

         0          0          0          0          0          0   entry.o
         0          0          0          0          0          0   entry10a.o
         0          0          0          0          0          0   entry11a.o
         8          4          0          0          0          0   entry2.o
         4          0          0          0          0          0   entry5.o
         0          0          0          0          0          0   entry7b.o
         0          0          0          0          0          0   entry8b.o
         8          4          0          0          0          0   entry9a.o
        30          0          0          0          0          0   handlers.o
        36          8          0          0          0         68   init.o
        36          0          0          0          0         68   memcpya.o
       490         10          0          0          0        252   printf3.o
        14          0          0          0          0         68   strlen.o
        44          0          0          0          0         80   uidiv.o

    ----------------------------------------------------------------------
       674         26          0          0          0        536   Library Totals
         4          0          0          0          0          0   (incl. Padding)

    ----------------------------------------------------------------------

      Code (inc. data)   RO Data    RW Data    ZI Data      Debug   Library Name

       670         26          0          0          0        536   mc_w.l

    ----------------------------------------------------------------------
       674         26          0          0          0        536   Library Totals

    ----------------------------------------------------------------------

==============================================================================


      Code (inc. data)   RO Data    RW Data    ZI Data      Debug   

     16464       1052        360        160       5880     646309   Grand Totals
     16464       1052        360        160       5880     646309   ELF Image Totals
     16464       1052        360        160          0          0   ROM Totals

==============================================================================

    Total RO  Size (Code + RO Data)                16824 (  16.43kB)
    Total RW  Size (RW Data + ZI Data)              6040 (   5.90kB)
    Total ROM Size (Code + RO Data + RW Data)      16984 (  16.59kB)

==============================================================================

